Component: ARM Compiler 5.06 update 6 (build 750) Tool: armlink [4d35ed]

==============================================================================

Section Cross References

    startup_stm32f107xc.o(RESET) refers to startup_stm32f107xc.o(STACK) for __initial_sp
    startup_stm32f107xc.o(RESET) refers to startup_stm32f107xc.o(.text) for Reset_Handler
    startup_stm32f107xc.o(RESET) refers to stm32f1xx_it.o(i.NMI_Handler) for NMI_Handler
    startup_stm32f107xc.o(RESET) refers to stm32f1xx_it.o(i.HardFault_Handler) for HardFault_Handler
    startup_stm32f107xc.o(RESET) refers to stm32f1xx_it.o(i.MemManage_Handler) for MemManage_Handler
    startup_stm32f107xc.o(RESET) refers to stm32f1xx_it.o(i.BusFault_Handler) for BusFault_Handler
    startup_stm32f107xc.o(RESET) refers to stm32f1xx_it.o(i.UsageFault_Handler) for UsageFault_Handler
    startup_stm32f107xc.o(RESET) refers to stm32f1xx_it.o(i.SVC_Handler) for SVC_Handler
    startup_stm32f107xc.o(RESET) refers to stm32f1xx_it.o(i.DebugMon_Handler) for DebugMon_Handler
    startup_stm32f107xc.o(RESET) refers to stm32f1xx_it.o(i.PendSV_Handler) for PendSV_Handler
    startup_stm32f107xc.o(RESET) refers to stm32f1xx_it.o(i.SysTick_Handler) for SysTick_Handler
    startup_stm32f107xc.o(RESET) refers to stm32f1xx_it.o(i.ADC1_2_IRQHandler) for ADC1_2_IRQHandler
    startup_stm32f107xc.o(RESET) refers to stm32f1xx_it.o(i.USART1_IRQHandler) for USART1_IRQHandler
    startup_stm32f107xc.o(RESET) refers to stm32f1xx_it.o(i.TIM6_IRQHandler) for TIM6_IRQHandler
    startup_stm32f107xc.o(.text) refers to system_stm32f1xx.o(i.SystemInit) for SystemInit
    startup_stm32f107xc.o(.text) refers to entry.o(.ARM.Collect$$$$00000000) for __main
    main.o(i.EASYMX_BOARD_TOUCH_CmpltCallback) refers to stm32f1xx_hal_gpio.o(i.HAL_GPIO_WritePin) for HAL_GPIO_WritePin
    main.o(i.EASYMX_BOARD_TOUCH_CmpltCallback) refers to main.o(.data) for coor_x
    main.o(i.MX_ADC1_Init) refers to stm32f1xx_hal_adc.o(i.HAL_ADC_Init) for HAL_ADC_Init
    main.o(i.MX_ADC1_Init) refers to main.o(i.Error_Handler) for Error_Handler
    main.o(i.MX_ADC1_Init) refers to stm32f1xx_hal_adc.o(i.HAL_ADC_ConfigChannel) for HAL_ADC_ConfigChannel
    main.o(i.MX_ADC1_Init) refers to main.o(.bss) for hadc1
    main.o(i.MX_ADC2_Init) refers to stm32f1xx_hal_adc.o(i.HAL_ADC_Init) for HAL_ADC_Init
    main.o(i.MX_ADC2_Init) refers to main.o(i.Error_Handler) for Error_Handler
    main.o(i.MX_ADC2_Init) refers to stm32f1xx_hal_adc.o(i.HAL_ADC_ConfigChannel) for HAL_ADC_ConfigChannel
    main.o(i.MX_ADC2_Init) refers to main.o(.bss) for hadc2
    main.o(i.MX_GPIO_Init) refers to stm32f1xx_hal_gpio.o(i.HAL_GPIO_WritePin) for HAL_GPIO_WritePin
    main.o(i.MX_GPIO_Init) refers to stm32f1xx_hal_gpio.o(i.HAL_GPIO_Init) for HAL_GPIO_Init
    main.o(i.MX_TIM1_Init) refers to memseta.o(.text) for __aeabi_memclr4
    main.o(i.MX_TIM1_Init) refers to stm32f1xx_hal_tim.o(i.HAL_TIM_PWM_Init) for HAL_TIM_PWM_Init
    main.o(i.MX_TIM1_Init) refers to main.o(i.Error_Handler) for Error_Handler
    main.o(i.MX_TIM1_Init) refers to stm32f1xx_hal_tim_ex.o(i.HAL_TIMEx_MasterConfigSynchronization) for HAL_TIMEx_MasterConfigSynchronization
    main.o(i.MX_TIM1_Init) refers to stm32f1xx_hal_tim.o(i.HAL_TIM_PWM_ConfigChannel) for HAL_TIM_PWM_ConfigChannel
    main.o(i.MX_TIM1_Init) refers to stm32f1xx_hal_tim_ex.o(i.HAL_TIMEx_ConfigBreakDeadTime) for HAL_TIMEx_ConfigBreakDeadTime
    main.o(i.MX_TIM1_Init) refers to stm32f1xx_hal_msp.o(i.HAL_TIM_MspPostInit) for HAL_TIM_MspPostInit
    main.o(i.MX_TIM1_Init) refers to main.o(.bss) for htim1
    main.o(i.MX_TIM6_Init) refers to stm32f1xx_hal_tim.o(i.HAL_TIM_Base_Init) for HAL_TIM_Base_Init
    main.o(i.MX_TIM6_Init) refers to main.o(i.Error_Handler) for Error_Handler
    main.o(i.MX_TIM6_Init) refers to stm32f1xx_hal_tim_ex.o(i.HAL_TIMEx_MasterConfigSynchronization) for HAL_TIMEx_MasterConfigSynchronization
    main.o(i.MX_TIM6_Init) refers to main.o(.bss) for htim6
    main.o(i.MX_USART1_UART_Init) refers to stm32f1xx_hal_uart.o(i.HAL_UART_Init) for HAL_UART_Init
    main.o(i.MX_USART1_UART_Init) refers to main.o(i.Error_Handler) for Error_Handler
    main.o(i.MX_USART1_UART_Init) refers to main.o(.bss) for huart1
    main.o(i.SystemClock_Config) refers to memseta.o(.text) for __aeabi_memclr4
    main.o(i.SystemClock_Config) refers to stm32f1xx_hal_rcc.o(i.HAL_RCC_OscConfig) for HAL_RCC_OscConfig
    main.o(i.SystemClock_Config) refers to main.o(i.Error_Handler) for Error_Handler
    main.o(i.SystemClock_Config) refers to stm32f1xx_hal_rcc.o(i.HAL_RCC_ClockConfig) for HAL_RCC_ClockConfig
    main.o(i.SystemClock_Config) refers to stm32f1xx_hal_rcc_ex.o(i.HAL_RCCEx_PeriphCLKConfig) for HAL_RCCEx_PeriphCLKConfig
    main.o(i.goBackward) refers to stm32f1xx_hal_gpio.o(i.HAL_GPIO_WritePin) for HAL_GPIO_WritePin
    main.o(i.goBackward) refers to main.o(.bss) for htim1
    main.o(i.goForward) refers to stm32f1xx_hal_gpio.o(i.HAL_GPIO_WritePin) for HAL_GPIO_WritePin
[...]
    Removing stm32f1xx_hal_uart.o(i.HAL_UART_GetError), (6 bytes).
    Removing stm32f1xx_hal_uart.o(i.HAL_UART_GetState), (20 bytes).
    Removing stm32f1xx_hal_uart.o(i.HAL_UART_MspDeInit), (2 bytes).
    Removing stm32f1xx_hal_uart.o(i.HAL_UART_MspInit), (2 bytes).
    Removing stm32f1xx_hal_uart.o(i.HAL_UART_Receive), (222 bytes).
    Removing stm32f1xx_hal_uart.o(i.HAL_UART_Receive_DMA), (196 bytes).
    Removing stm32f1xx_hal_uart.o(i.HAL_UART_RxHalfCpltCallback), (2 bytes).
    Removing stm32f1xx_hal_uart.o(i.HAL_UART_Transmit), (214 bytes).
    Removing stm32f1xx_hal_uart.o(i.HAL_UART_Transmit_DMA), (156 bytes).
    Removing stm32f1xx_hal_uart.o(i.HAL_UART_Transmit_IT), (88 bytes).
    Removing stm32f1xx_hal_uart.o(i.HAL_UART_TxHalfCpltCallback), (2 bytes).
    Removing stm32f1xx_hal_uart.o(i.UART_DMAError), (80 bytes).
    Removing stm32f1xx_hal_uart.o(i.UART_DMAReceiveCplt), (70 bytes).
    Removing stm32f1xx_hal_uart.o(i.UART_DMARxAbortCallback), (52 bytes).
    Removing stm32f1xx_hal_uart.o(i.UART_DMARxHalfCplt), (14 bytes).
    Removing stm32f1xx_hal_uart.o(i.UART_DMARxOnlyAbortCallback), (24 bytes).
    Removing stm32f1xx_hal_uart.o(i.UART_DMATransmitCplt), (54 bytes).
    Removing stm32f1xx_hal_uart.o(i.UART_DMATxAbortCallback), (52 bytes).
    Removing stm32f1xx_hal_uart.o(i.UART_DMATxHalfCplt), (14 bytes).
    Removing stm32f1xx_hal_uart.o(i.UART_DMATxOnlyAbortCallback), (24 bytes).
    Removing stm32f1xx_hal_uart.o(i.UART_EndTxTransfer), (20 bytes).
    Removing stm32f1xx_hal_uart.o(i.UART_WaitOnFlagUntilTimeout), (108 bytes).
    Removing stm32f1xx_hal.o(.rev16_text), (4 bytes).
    Removing stm32f1xx_hal.o(.revsh_text), (4 bytes).
    Removing stm32f1xx_hal.o(.rrx_text), (6 bytes).
    Removing stm32f1xx_hal.o(i.HAL_DBGMCU_DisableDBGSleepMode), (20 bytes).
    Removing stm32f1xx_hal.o(i.HAL_DBGMCU_DisableDBGStandbyMode), (20 bytes).
    Removing stm32f1xx_hal.o(i.HAL_DBGMCU_DisableDBGStopMode), (20 bytes).
    Removing stm32f1xx_hal.o(i.HAL_DBGMCU_EnableDBGSleepMode), (20 bytes).
    Removing stm32f1xx_hal.o(i.HAL_DBGMCU_EnableDBGStandbyMode), (20 bytes).
    Removing stm32f1xx_hal.o(i.HAL_DBGMCU_EnableDBGStopMode), (20 bytes).
    Removing stm32f1xx_hal.o(i.HAL_DeInit), (44 bytes).
    Removing stm32f1xx_hal.o(i.HAL_GetDEVID), (16 bytes).
    Removing stm32f1xx_hal.o(i.HAL_GetHalVersion), (8 bytes).
    Removing stm32f1xx_hal.o(i.HAL_GetREVID), (12 bytes).
    Removing stm32f1xx_hal.o(i.HAL_GetTickFreq), (12 bytes).
    Removing stm32f1xx_hal.o(i.HAL_GetTickPrio), (12 bytes).
    Removing stm32f1xx_hal.o(i.HAL_GetUID), (28 bytes).
    Removing stm32f1xx_hal.o(i.HAL_MspDeInit), (2 bytes).
    Removing stm32f1xx_hal.o(i.HAL_MspInit), (2 bytes).
    Removing stm32f1xx_hal.o(i.HAL_ResumeTick), (18 bytes).
    Removing stm32f1xx_hal.o(i.HAL_SetTickFreq), (40 bytes).
    Removing stm32f1xx_hal.o(i.HAL_SuspendTick), (18 bytes).
    Removing stm32f1xx_hal_rcc.o(.rev16_text), (4 bytes).
    Removing stm32f1xx_hal_rcc.o(.revsh_text), (4 bytes).
    Removing stm32f1xx_hal_rcc.o(.rrx_text), (6 bytes).
    Removing stm32f1xx_hal_rcc.o(i.HAL_RCC_CSSCallback), (2 bytes).
    Removing stm32f1xx_hal_rcc.o(i.HAL_RCC_DeInit), (360 bytes).
    Removing stm32f1xx_hal_rcc.o(i.HAL_RCC_DisableCSS), (12 bytes).
    Removing stm32f1xx_hal_rcc.o(i.HAL_RCC_EnableCSS), (12 bytes).
    Removing stm32f1xx_hal_rcc.o(i.HAL_RCC_GetClockConfig), (68 bytes).
    Removing stm32f1xx_hal_rcc.o(i.HAL_RCC_GetOscConfig), (256 bytes).
    Removing stm32f1xx_hal_rcc.o(i.HAL_RCC_MCOConfig), (100 bytes).
    Removing stm32f1xx_hal_rcc.o(i.HAL_RCC_NMI_IRQHandler), (32 bytes).
    Removing stm32f1xx_hal_rcc_ex.o(.rev16_text), (4 bytes).
    Removing stm32f1xx_hal_rcc_ex.o(.revsh_text), (4 bytes).
    Removing stm32f1xx_hal_rcc_ex.o(.rrx_text), (6 bytes).
    Removing stm32f1xx_hal_rcc_ex.o(i.HAL_RCCEx_DisablePLL2), (100 bytes).
    Removing stm32f1xx_hal_rcc_ex.o(i.HAL_RCCEx_DisablePLLI2S), (84 bytes).
    Removing stm32f1xx_hal_rcc_ex.o(i.HAL_RCCEx_EnablePLL2), (204 bytes).
    Removing stm32f1xx_hal_rcc_ex.o(i.HAL_RCCEx_EnablePLLI2S), (188 bytes).
    Removing stm32f1xx_hal_rcc_ex.o(i.HAL_RCCEx_GetPeriphCLKConfig), (96 bytes).
    Removing stm32f1xx_hal_gpio.o(.rev16_text), (4 bytes).
    Removing stm32f1xx_hal_gpio.o(.revsh_text), (4 bytes).
    Removing stm32f1xx_hal_gpio.o(.rrx_text), (6 bytes).
    Removing stm32f1xx_hal_gpio.o(i.HAL_GPIO_DeInit), (312 bytes).
    Removing stm32f1xx_hal_gpio.o(i.HAL_GPIO_EXTI_Callback), (2 bytes).
    Removing stm32f1xx_hal_gpio.o(i.HAL_GPIO_EXTI_IRQHandler), (28 bytes).
    Removing stm32f1xx_hal_gpio.o(i.HAL_GPIO_LockPin), (46 bytes).
    Removing stm32f1xx_hal_gpio.o(i.HAL_GPIO_ReadPin), (16 bytes).
    Removing stm32f1xx_hal_gpio.o(i.HAL_GPIO_TogglePin), (8 bytes).
    Removing stm32f1xx_hal_dma.o(.rev16_text), (4 bytes).
    Removing stm32f1xx_hal_dma.o(.revsh_text), (4 bytes).
    Removing stm32f1xx_hal_dma.o(.rrx_text), (6 bytes).
    Removing stm32f1xx_hal_dma.o(i.DMA_SetConfig), (44 bytes).
    Removing stm32f1xx_hal_dma.o(i.HAL_DMA_Abort), (58 bytes).
    Removing stm32f1xx_hal_dma.o(i.HAL_DMA_DeInit), (140 bytes).
    Removing stm32f1xx_hal_dma.o(i.HAL_DMA_GetError), (6 bytes).
    Removing stm32f1xx_hal_dma.o(i.HAL_DMA_GetState), (8 bytes).
    Removing stm32f1xx_hal_dma.o(i.HAL_DMA_IRQHandler), (920 bytes).
    Removing stm32f1xx_hal_dma.o(i.HAL_DMA_Init), (140 bytes).
    Removing stm32f1xx_hal_dma.o(i.HAL_DMA_PollForTransfer), (1620 bytes).
    Removing stm32f1xx_hal_dma.o(i.HAL_DMA_RegisterCallback), (90 bytes).
    Removing stm32f1xx_hal_dma.o(i.HAL_DMA_Start), (114 bytes).
    Removing stm32f1xx_hal_dma.o(i.HAL_DMA_Start_IT), (156 bytes).
    Removing stm32f1xx_hal_dma.o(i.HAL_DMA_UnRegisterCallback), (106 bytes).
    Removing stm32f1xx_hal_cortex.o(.rev16_text), (4 bytes).
    Removing stm32f1xx_hal_cortex.o(.revsh_text), (4 bytes).
    Removing stm32f1xx_hal_cortex.o(.rrx_text), (6 bytes).
    Removing stm32f1xx_hal_cortex.o(i.HAL_NVIC_ClearPendingIRQ), (28 bytes).
    Removing stm32f1xx_hal_cortex.o(i.HAL_NVIC_DisableIRQ), (28 bytes).
    Removing stm32f1xx_hal_cortex.o(i.HAL_NVIC_GetActive), (40 bytes).
    Removing stm32f1xx_hal_cortex.o(i.HAL_NVIC_GetPendingIRQ), (40 bytes).
    Removing stm32f1xx_hal_cortex.o(i.HAL_NVIC_GetPriority), (148 bytes).
    Removing stm32f1xx_hal_cortex.o(i.HAL_NVIC_GetPriorityGrouping), (8 bytes).
    Removing stm32f1xx_hal_cortex.o(i.HAL_NVIC_SetPendingIRQ), (28 bytes).
    Removing stm32f1xx_hal_cortex.o(i.HAL_NVIC_SystemReset), (68 bytes).
    Removing stm32f1xx_hal_cortex.o(i.HAL_SYSTICK_CLKSourceConfig), (40 bytes).
    Removing stm32f1xx_hal_cortex.o(i.HAL_SYSTICK_Callback), (2 bytes).
    Removing stm32f1xx_hal_cortex.o(i.HAL_SYSTICK_IRQHandler), (8 bytes).
    Removing stm32f1xx_hal_pwr.o(.rev16_text), (4 bytes).
    Removing stm32f1xx_hal_pwr.o(.revsh_text), (4 bytes).
    Removing stm32f1xx_hal_pwr.o(.rrx_text), (6 bytes).
    Removing stm32f1xx_hal_pwr.o(i.HAL_PWR_ConfigPVD), (180 bytes).
    Removing stm32f1xx_hal_pwr.o(i.HAL_PWR_DeInit), (28 bytes).
    Removing stm32f1xx_hal_pwr.o(i.HAL_PWR_DisableBkUpAccess), (12 bytes).
    Removing stm32f1xx_hal_pwr.o(i.HAL_PWR_DisablePVD), (12 bytes).
    Removing stm32f1xx_hal_pwr.o(i.HAL_PWR_DisableSEVOnPend), (20 bytes).
    Removing stm32f1xx_hal_pwr.o(i.HAL_PWR_DisableSleepOnExit), (20 bytes).
    Removing stm32f1xx_hal_pwr.o(i.HAL_PWR_DisableWakeUpPin), (28 bytes).
    Removing stm32f1xx_hal_pwr.o(i.HAL_PWR_EnableBkUpAccess), (12 bytes).
    Removing stm32f1xx_hal_pwr.o(i.HAL_PWR_EnablePVD), (12 bytes).
    Removing stm32f1xx_hal_pwr.o(i.HAL_PWR_EnableSEVOnPend), (20 bytes).
    Removing stm32f1xx_hal_pwr.o(i.HAL_PWR_EnableSleepOnExit), (20 bytes).
    Removing stm32f1xx_hal_pwr.o(i.HAL_PWR_EnableWakeUpPin), (28 bytes).
    Removing stm32f1xx_hal_pwr.o(i.HAL_PWR_EnterSLEEPMode), (32 bytes).
    Removing stm32f1xx_hal_pwr.o(i.HAL_PWR_EnterSTANDBYMode), (40 bytes).
    Removing stm32f1xx_hal_pwr.o(i.HAL_PWR_EnterSTOPMode), (84 bytes).
    Removing stm32f1xx_hal_pwr.o(i.HAL_PWR_PVDCallback), (2 bytes).
    Removing stm32f1xx_hal_pwr.o(i.HAL_PWR_PVD_IRQHandler), (32 bytes).
    Removing stm32f1xx_hal_pwr.o(i.PWR_OverloadWfe), (6 bytes).
    Removing stm32f1xx_hal_flash.o(.rev16_text), (4 bytes).
    Removing stm32f1xx_hal_flash.o(.revsh_text), (4 bytes).
    Removing stm32f1xx_hal_flash.o(.rrx_text), (6 bytes).
    Removing stm32f1xx_hal_flash.o(i.FLASH_Program_HalfWord), (32 bytes).
    Removing stm32f1xx_hal_flash.o(i.FLASH_SetErrorCode), (132 bytes).
    Removing stm32f1xx_hal_flash.o(i.FLASH_WaitForLastOperation), (112 bytes).
    Removing stm32f1xx_hal_flash.o(i.HAL_FLASH_EndOfOperationCallback), (2 bytes).
    Removing stm32f1xx_hal_flash.o(i.HAL_FLASH_GetError), (12 bytes).
    Removing stm32f1xx_hal_flash.o(i.HAL_FLASH_IRQHandler), (384 bytes).
    Removing stm32f1xx_hal_flash.o(i.HAL_FLASH_Lock), (20 bytes).
    Removing stm32f1xx_hal_flash.o(i.HAL_FLASH_OB_Launch), (8 bytes).
    Removing stm32f1xx_hal_flash.o(i.HAL_FLASH_OB_Lock), (20 bytes).
    Removing stm32f1xx_hal_flash.o(i.HAL_FLASH_OB_Unlock), (44 bytes).
    Removing stm32f1xx_hal_flash.o(i.HAL_FLASH_OperationErrorCallback), (2 bytes).
    Removing stm32f1xx_hal_flash.o(i.HAL_FLASH_Program), (176 bytes).
    Removing stm32f1xx_hal_flash.o(i.HAL_FLASH_Program_IT), (124 bytes).
    Removing stm32f1xx_hal_flash.o(i.HAL_FLASH_Unlock), (48 bytes).
    Removing stm32f1xx_hal_flash.o(.bss), (32 bytes).
    Removing stm32f1xx_hal_flash_ex.o(.rev16_text), (4 bytes).
    Removing stm32f1xx_hal_flash_ex.o(.revsh_text), (4 bytes).
    Removing stm32f1xx_hal_flash_ex.o(.rrx_text), (6 bytes).
    Removing stm32f1xx_hal_flash_ex.o(i.FLASH_MassErase), (40 bytes).
    Removing stm32f1xx_hal_flash_ex.o(i.FLASH_OB_DisableWRP), (232 bytes).
    Removing stm32f1xx_hal_flash_ex.o(i.FLASH_OB_EnableWRP), (236 bytes).
    Removing stm32f1xx_hal_flash_ex.o(i.FLASH_OB_GetRDP), (28 bytes).
    Removing stm32f1xx_hal_flash_ex.o(i.FLASH_OB_GetUser), (16 bytes).
    Removing stm32f1xx_hal_flash_ex.o(i.FLASH_OB_GetWRP), (12 bytes).
    Removing stm32f1xx_hal_flash_ex.o(i.FLASH_OB_ProgramData), (76 bytes).
    Removing stm32f1xx_hal_flash_ex.o(i.FLASH_OB_RDP_LevelConfig), (124 bytes).
    Removing stm32f1xx_hal_flash_ex.o(i.FLASH_OB_UserConfig), (84 bytes).
    Removing stm32f1xx_hal_flash_ex.o(i.FLASH_PageErase), (40 bytes).
    Removing stm32f1xx_hal_flash_ex.o(i.HAL_FLASHEx_Erase), (176 bytes).
    Removing stm32f1xx_hal_flash_ex.o(i.HAL_FLASHEx_Erase_IT), (100 bytes).
    Removing stm32f1xx_hal_flash_ex.o(i.HAL_FLASHEx_OBErase), (96 bytes).
    Removing stm32f1xx_hal_flash_ex.o(i.HAL_FLASHEx_OBGetConfig), (28 bytes).
    Removing stm32f1xx_hal_flash_ex.o(i.HAL_FLASHEx_OBGetUserData), (40 bytes).
    Removing stm32f1xx_hal_flash_ex.o(i.HAL_FLASHEx_OBProgram), (200 bytes).
    Removing system_stm32f1xx.o(.rev16_text), (4 bytes).
    Removing system_stm32f1xx.o(.revsh_text), (4 bytes).
    Removing system_stm32f1xx.o(.rrx_text), (6 bytes).
    Removing system_stm32f1xx.o(i.SystemCoreClockUpdate), (256 bytes).
    Removing touch.o(.rev16_text), (4 bytes).
    Removing touch.o(.revsh_text), (4 bytes).
    Removing touch.o(.rrx_text), (6 bytes).
    Removing touch.o(i.EASYMX_BOARD_TOUCH_CmpltCallback), (4 bytes).
    Removing ili9341_gfx.o(.rev16_text), (4 bytes).
    Removing ili9341_gfx.o(.revsh_text), (4 bytes).
    Removing ili9341_gfx.o(.rrx_text), (6 bytes).
    Removing ili9341_gfx.o(i.ILI9341_Draw_Char), (176 bytes).
    Removing ili9341_gfx.o(i.ILI9341_Draw_Filled_Circle), (156 bytes).
    Removing ili9341_gfx.o(i.ILI9341_Draw_Filled_Rectangle_Coord), (136 bytes).
    Removing ili9341_gfx.o(i.ILI9341_Draw_Hollow_Circle), (186 bytes).
    Removing ili9341_gfx.o(i.ILI9341_Draw_Hollow_Rectangle_Coord), (190 bytes).
    Removing ili9341_gfx.o(i.ILI9341_Draw_Image), (48 bytes).
    Removing ili9341_gfx.o(i.ILI9341_Draw_Text), (54 bytes).
    Removing ili9341_gfx.o(.constdata), (576 bytes).
    Removing ili9341_stm32_driver.o(.rev16_text), (4 bytes).
    Removing ili9341_stm32_driver.o(.revsh_text), (4 bytes).
    Removing ili9341_stm32_driver.o(.rrx_text), (6 bytes).
    Removing ili9341_stm32_driver.o(i.ILI9341_Draw_Colour), (140 bytes).
    Removing ili9341_stm32_driver.o(i.ILI9341_Draw_Colour_Burst), (148 bytes).
    Removing ili9341_stm32_driver.o(i.ILI9341_Draw_Horizontal_Line), (88 bytes).
    Removing ili9341_stm32_driver.o(i.ILI9341_Draw_Pixel), (792 bytes).
    Removing ili9341_stm32_driver.o(i.ILI9341_Draw_Rectangle), (120 bytes).
    Removing ili9341_stm32_driver.o(i.ILI9341_Draw_Vertical_Line), (88 bytes).
    Removing ili9341_stm32_driver.o(i.ILI9341_Fill_Screen), (48 bytes).
    Removing ili9341_stm32_driver.o(i.ILI9341_SPI_Send), (2 bytes).
    Removing ili9341_stm32_driver.o(i.ILI9341_Set_Address), (82 bytes).
    Removing ili9341_stm32_driver.o(i.ILI9341_Transmit_Data), (148 bytes).
    Removing fflti.o(.text), (18 bytes).
    Removing cfcmple.o(.text), (20 bytes).
    Removing fepilogue.o(.text), (110 bytes).
    Removing cdcmple.o(.text), (48 bytes).

402 unused section(s) (total 33178 bytes) removed from the image.

==============================================================================

Image Symbol Table

    Local Symbols

    Symbol Name                              Value     Ov Type        Size  Object(Section)

    ../Drivers/STM32F1xx_HAL_Driver/Src/stm32f1xx_hal.c 0x00000000   Number         0  stm32f1xx_hal.o ABSOLUTE
    ../Drivers/STM32F1xx_HAL_Driver/Src/stm32f1xx_hal_adc.c 0x00000000   Number         0  stm32f1xx_hal_adc.o ABSOLUTE
    ../Drivers/STM32F1xx_HAL_Driver/Src/stm32f1xx_hal_adc_ex.c 0x00000000   Number         0  stm32f1xx_hal_adc_ex.o ABSOLUTE
    ../Drivers/STM32F1xx_HAL_Driver/Src/stm32f1xx_hal_cortex.c 0x00000000   Number         0  stm32f1xx_hal_cortex.o ABSOLUTE
    ../Drivers/STM32F1xx_HAL_Driver/Src/stm32f1xx_hal_dma.c 0x00000000   Number         0  stm32f1xx_hal_dma.o ABSOLUTE
    ../Drivers/STM32F1xx_HAL_Driver/Src/stm32f1xx_hal_flash.c 0x00000000   Number         0  stm32f1xx_hal_flash.o ABSOLUTE
    ../Drivers/STM32F1xx_HAL_Driver/Src/stm32f1xx_hal_flash_ex.c 0x00000000   Number         0  stm32f1xx_hal_flash_ex.o ABSOLUTE
    ../Drivers/STM32F1xx_HAL_Driver/Src/stm32f1xx_hal_gpio.c 0x00000000   Number         0  stm32f1xx_hal_gpio.o ABSOLUTE
    ../Drivers/STM32F1xx_HAL_Driver/Src/stm32f1xx_hal_gpio_ex.c 0x00000000   Number         0  stm32f1xx_hal_gpio_ex.o ABSOLUTE
    ../Drivers/STM32F1xx_HAL_Driver/Src/stm32f1xx_hal_pwr.c 0x00000000   Number         0  stm32f1xx_hal_pwr.o ABSOLUTE
    ../Drivers/STM32F1xx_HAL_Driver/Src/stm32f1xx_hal_rcc.c 0x00000000   Number         0  stm32f1xx_hal_rcc.o ABSOLUTE
    ../Drivers/STM32F1xx_HAL_Driver/Src/stm32f1xx_hal_rcc_ex.c 0x00000000   Number         0  stm32f1xx_hal_rcc_ex.o ABSOLUTE
    ../Drivers/STM32F1xx_HAL_Driver/Src/stm32f1xx_hal_tim.c 0x00000000   Number         0  stm32f1xx_hal_tim.o ABSOLUTE
    ../Drivers/STM32F1xx_HAL_Driver/Src/stm32f1xx_hal_tim_ex.c 0x00000000   Number         0  stm32f1xx_hal_tim_ex.o ABSOLUTE
    ../Drivers/STM32F1xx_HAL_Driver/Src/stm32f1xx_hal_uart.c 0x00000000   Number         0  stm32f1xx_hal_uart.o ABSOLUTE
    ../Src/main.c                            0x00000000   Number         0  main.o ABSOLUTE
    ../Src/stm32f1xx_hal_msp.c               0x00000000   Number         0  stm32f1xx_hal_msp.o ABSOLUTE
    ../Src/stm32f1xx_it.c                    0x00000000   Number         0  stm32f1xx_it.o ABSOLUTE
    ../Src/system_stm32f1xx.c                0x00000000   Number         0  system_stm32f1xx.o ABSOLUTE
    ../clib/microlib/division.c              0x00000000   Number         0  uldiv.o ABSOLUTE
    ../clib/microlib/errno.c                 0x00000000   Number         0  errno.o ABSOLUTE
    ../clib/microlib/init/entry.s            0x00000000   Number         0  entry7a.o ABSOLUTE
    ../clib/microlib/init/entry.s            0x00000000   Number         0  entry7b.o ABSOLUTE
    ../clib/microlib/init/entry.s            0x00000000   Number         0  entry5.o ABSOLUTE
    ../clib/microlib/init/entry.s            0x00000000   Number         0  entry8a.o ABSOLUTE
    ../clib/microlib/init/entry.s            0x00000000   Number         0  entry8b.o ABSOLUTE
    ../clib/microlib/init/entry.s            0x00000000   Number         0  entry9b.o ABSOLUTE
    ../clib/microlib/init/entry.s            0x00000000   Number         0  entry10a.o ABSOLUTE
    ../clib/microlib/init/entry.s            0x00000000   Number         0  entry9a.o ABSOLUTE
    ../clib/microlib/init/entry.s            0x00000000   Number         0  entry10b.o ABSOLUTE
    ../clib/microlib/init/entry.s            0x00000000   Number         0  entry2.o ABSOLUTE
    ../clib/microlib/init/entry.s            0x00000000   Number         0  entry11a.o ABSOLUTE
    ../clib/microlib/init/entry.s            0x00000000   Number         0  entry.o ABSOLUTE
    ../clib/microlib/init/entry.s            0x00000000   Number         0  entry11b.o ABSOLUTE
    ../clib/microlib/longlong.c              0x00000000   Number         0  llsshr.o ABSOLUTE
    ../clib/microlib/longlong.c              0x00000000   Number         0  llshl.o ABSOLUTE
    ../clib/microlib/longlong.c              0x00000000   Number         0  llushr.o ABSOLUTE
    ../clib/microlib/string/memset.c         0x00000000   Number         0  memseta.o ABSOLUTE
    ../clib/microlib/stubs.s                 0x00000000   Number         0  iusefp.o ABSOLUTE
    ../fplib/microlib/fpadd.c                0x00000000   Number         0  dadd.o ABSOLUTE
    ../fplib/microlib/fpdiv.c                0x00000000   Number         0  ddiv.o ABSOLUTE
    ../fplib/microlib/fpepilogue.c           0x00000000   Number         0  depilogue.o ABSOLUTE
    ../fplib/microlib/fpepilogue.c           0x00000000   Number         0  fepilogue.o ABSOLUTE
    ../fplib/microlib/fpfix.c                0x00000000   Number         0  dfixi.o ABSOLUTE
    ../fplib/microlib/fpflt.c                0x00000000   Number         0  fflti.o ABSOLUTE
    ../fplib/microlib/fpflt.c                0x00000000   Number         0  dflti.o ABSOLUTE
    ../fplib/microlib/fpmul.c                0x00000000   Number         0  dmul.o ABSOLUTE
    ../fplib/microlib/fpscalb.c              0x00000000   Number         0  dscalb.o ABSOLUTE
    ../fplib/microlib/fpsqrt.c               0x00000000   Number         0  dsqrt.o ABSOLUTE
    ../mathlib/dunder.c                      0x00000000   Number         0  dunder.o ABSOLUTE
    ../mathlib/floor.c                       0x00000000   Number         0  floor.o ABSOLUTE
    ../mathlib/fpclassify.c                  0x00000000   Number         0  fpclassify.o ABSOLUTE
    ../mathlib/poly.c                        0x00000000   Number         0  poly.o ABSOLUTE
    ../mathlib/pow.c                         0x00000000   Number         0  pow.o ABSOLUTE
    ../mathlib/pow.c                         0x00000000   Number         0  pow_x.o ABSOLUTE
    ../mathlib/qnan.c                        0x00000000   Number         0  qnan.o ABSOLUTE
    ../mathlib/sqrt.c                        0x00000000   Number         0  sqrt.o ABSOLUTE
    ../mathlib/sqrt.c                        0x00000000   Number         0  sqrt_x.o ABSOLUTE
    ..\Drivers\ILI9341\ILI9341_GFX.c         0x00000000   Number         0  ili9341_gfx.o ABSOLUTE
    ..\Drivers\ILI9341\ILI9341_STM32_Driver.c 0x00000000   Number         0  ili9341_stm32_driver.o ABSOLUTE
    ..\Drivers\STM32F1xx_HAL_Driver\Src\stm32f1xx_hal.c 0x00000000   Number         0  stm32f1xx_hal.o ABSOLUTE
    ..\Drivers\STM32F1xx_HAL_Driver\Src\stm32f1xx_hal_adc.c 0x00000000   Number         0  stm32f1xx_hal_adc.o ABSOLUTE
    ..\Drivers\STM32F1xx_HAL_Driver\Src\stm32f1xx_hal_adc_ex.c 0x00000000   Number         0  stm32f1xx_hal_adc_ex.o ABSOLUTE
    ..\Drivers\STM32F1xx_HAL_Driver\Src\stm32f1xx_hal_cortex.c 0x00000000   Number         0  stm32f1xx_hal_cortex.o ABSOLUTE
    ..\Drivers\STM32F1xx_HAL_Driver\Src\stm32f1xx_hal_dma.c 0x00000000   Number         0  stm32f1xx_hal_dma.o ABSOLUTE
    ..\Drivers\STM32F1xx_HAL_Driver\Src\stm32f1xx_hal_flash.c 0x00000000   Number         0  stm32f1xx_hal_flash.o ABSOLUTE
    ..\Drivers\STM32F1xx_HAL_Driver\Src\stm32f1xx_hal_flash_ex.c 0x00000000   Number         0  stm32f1xx_hal_flash_ex.o ABSOLUTE
    ..\Drivers\STM32F1xx_HAL_Driver\Src\stm32f1xx_hal_gpio.c 0x00000000   Number         0  stm32f1xx_hal_gpio.o ABSOLUTE
    ..\Drivers\STM32F1xx_HAL_Driver\Src\stm32f1xx_hal_gpio_ex.c 0x00000000   Number         0  stm32f1xx_hal_gpio_ex.o ABSOLUTE
    ..\Drivers\STM32F1xx_HAL_Driver\Src\stm32f1xx_hal_pwr.c 0x00000000   Number         0  stm32f1xx_hal_pwr.o ABSOLUTE
    ..\Drivers\STM32F1xx_HAL_Driver\Src\stm32f1xx_hal_rcc.c 0x00000000   Number         0  stm32f1xx_hal_rcc.o ABSOLUTE
    ..\Drivers\STM32F1xx_HAL_Driver\Src\stm32f1xx_hal_rcc_ex.c 0x00000000   Number         0  stm32f1xx_hal_rcc_ex.o ABSOLUTE
    ..\Drivers\STM32F1xx_HAL_Driver\Src\stm32f1xx_hal_tim.c 0x00000000   Number         0  stm32f1xx_hal_tim.o ABSOLUTE
    ..\Drivers\STM32F1xx_HAL_Driver\Src\stm32f1xx_hal_tim_ex.c 0x00000000   Number         0  stm32f1xx_hal_tim_ex.o ABSOLUTE
    ..\Drivers\STM32F1xx_HAL_Driver\Src\stm32f1xx_hal_uart.c 0x00000000   Number         0  stm32f1xx_hal_uart.o ABSOLUTE
    ..\Src\main.c                            0x00000000   Number         0  main.o ABSOLUTE
    ..\Src\stm32f1xx_hal_msp.c               0x00000000   Number         0  stm32f1xx_hal_msp.o ABSOLUTE
    ..\Src\stm32f1xx_it.c                    0x00000000   Number         0  stm32f1xx_it.o ABSOLUTE
    ..\Src\system_stm32f1xx.c                0x00000000   Number         0  system_stm32f1xx.o ABSOLUTE
    ..\Src\touch.c                           0x00000000   Number         0  touch.o ABSOLUTE
    ..\\Drivers\\ILI9341\\ILI9341_GFX.c      0x00000000   Number         0  ili9341_gfx.o ABSOLUTE
    ..\\Drivers\\ILI9341\\ILI9341_STM32_Driver.c 0x00000000   Number         0  ili9341_stm32_driver.o ABSOLUTE
    ..\\Src\\touch.c                         0x00000000   Number         0  touch.o ABSOLUTE
    cdcmple.s                                0x00000000   Number         0  cdcmple.o ABSOLUTE
    cdrcmple.s                               0x00000000   Number         0  cdrcmple.o ABSOLUTE
    cfcmple.s                                0x00000000   Number         0  cfcmple.o ABSOLUTE
    dc.s                                     0x00000000   Number         0  dc.o ABSOLUTE
    handlers.s                               0x00000000   Number         0  handlers.o ABSOLUTE
    init.s                                   0x00000000   Number         0  init.o ABSOLUTE
    startup_stm32f107xc.s                    0x00000000   Number         0  startup_stm32f107xc.o ABSOLUTE
    RESET                                    0x08000000   Section      336  startup_stm32f107xc.o(RESET)
    .ARM.Collect$$$$00000000                 0x08000150   Section        0  entry.o(.ARM.Collect$$$$00000000)
    .ARM.Collect$$$$00000001                 0x08000150   Section        4  entry2.o(.ARM.Collect$$$$00000001)
    .ARM.Collect$$$$00000004                 0x08000154   Section        4  entry5.o(.ARM.Collect$$$$00000004)
    .ARM.Collect$$$$00000008                 0x08000158   Section        0  entry7b.o(.ARM.Collect$$$$00000008)
    .ARM.Collect$$$$0000000A                 0x08000158   Section        0  entry8b.o(.ARM.Collect$$$$0000000A)
    .ARM.Collect$$$$0000000B                 0x08000158   Section        8  entry9a.o(.ARM.Collect$$$$0000000B)
    .ARM.Collect$$$$0000000D                 0x08000160   Section        0  entry10a.o(.ARM.Collect$$$$0000000D)
    .ARM.Collect$$$$0000000F                 0x08000160   Section        0  entry11a.o(.ARM.Collect$$$$0000000F)
    .ARM.Collect$$$$00002712                 0x08000160   Section        4  entry2.o(.ARM.Collect$$$$00002712)
    __lit__00000000                          0x08000160   Data           4  entry2.o(.ARM.Collect$$$$00002712)
    .text                                    0x08000164   Section       36  startup_stm32f107xc.o(.text)
    .text                                    0x08000188   Section        0  uldiv.o(.text)
    .text                                    0x080001ea   Section        0  llushr.o(.text)
    .text                                    0x0800020a   Section        0  memseta.o(.text)
    .text                                    0x0800022e   Section        0  dadd.o(.text)
    .text                                    0x0800037c   Section        0  dflti.o(.text)
    .text                                    0x0800039e   Section        0  dfixi.o(.text)
    .text                                    0x080003dc   Section        0  llshl.o(.text)
    .text                                    0x080003fa   Section        0  llsshr.o(.text)
    .text                                    0x0800041e   Section        0  iusefp.o(.text)
    .text                                    0x0800041e   Section        0  depilogue.o(.text)
    .text                                    0x080004d8   Section        0  dmul.o(.text)
    .text                                    0x080005bc   Section        0  ddiv.o(.text)
    .text                                    0x0800069a   Section        0  dscalb.o(.text)
    .text                                    0x080006c8   Section       48  cdrcmple.o(.text)
    .text                                    0x080006f8   Section       36  init.o(.text)
    .text                                    0x0800071c   Section        0  dsqrt.o(.text)
    i.ADC1_2_IRQHandler                      0x080007c0   Section        0  stm32f1xx_it.o(i.ADC1_2_IRQHandler)
    i.ADC_ConversionStop_Disable             0x080007d8   Section        0  stm32f1xx_hal_adc.o(i.ADC_ConversionStop_Disable)
    i.ADC_Enable                             0x0800082c   Section        0  stm32f1xx_hal_adc.o(i.ADC_Enable)
    i.BusFault_Handler                       0x080008b0   Section        0  stm32f1xx_it.o(i.BusFault_Handler)
    i.DebugMon_Handler                       0x080008b4   Section        0  stm32f1xx_it.o(i.DebugMon_Handler)
    i.EASYMX_BOARD_TOUCH_CmpltCallback       0x080008b8   Section        0  main.o(i.EASYMX_BOARD_TOUCH_CmpltCallback)
    i.EASYMX_BOARD_TOUCH_Init                0x08000918   Section        0  touch.o(i.EASYMX_BOARD_TOUCH_Init)
    i.EASYMX_BOARD_TOUCH_Start               0x08000934   Section        0  touch.o(i.EASYMX_BOARD_TOUCH_Start)
    i.Error_Handler                          0x08000968   Section        0  main.o(i.Error_Handler)
    i.HAL_ADCEx_Calibration_Start            0x0800096c   Section        0  stm32f1xx_hal_adc_ex.o(i.HAL_ADCEx_Calibration_Start)
    i.HAL_ADCEx_InjectedConvCpltCallback     0x08000a70   Section        0  stm32f1xx_hal_adc_ex.o(i.HAL_ADCEx_InjectedConvCpltCallback)
    i.HAL_ADC_ConfigChannel                  0x08000a74   Section        0  stm32f1xx_hal_adc.o(i.HAL_ADC_ConfigChannel)
    i.HAL_ADC_ConvCpltCallback               0x08000bd4   Section        0  touch.o(i.HAL_ADC_ConvCpltCallback)
    i.HAL_ADC_GetValue                       0x08000c38   Section        0  stm32f1xx_hal_adc.o(i.HAL_ADC_GetValue)
    i.HAL_ADC_IRQHandler                     0x08000c40   Section        0  stm32f1xx_hal_adc.o(i.HAL_ADC_IRQHandler)
    i.HAL_ADC_Init                           0x08000d64   Section        0  stm32f1xx_hal_adc.o(i.HAL_ADC_Init)
    i.HAL_ADC_LevelOutOfWindowCallback       0x08000ea8   Section        0  stm32f1xx_hal_adc.o(i.HAL_ADC_LevelOutOfWindowCallback)
    i.HAL_ADC_MspInit                        0x08000eac   Section        0  stm32f1xx_hal_msp.o(i.HAL_ADC_MspInit)
    i.HAL_ADC_Start_IT                       0x08000f90   Section        0  stm32f1xx_hal_adc.o(i.HAL_ADC_Start_IT)
    i.HAL_DMA_Abort_IT                       0x080010cc   Section        0  stm32f1xx_hal_dma.o(i.HAL_DMA_Abort_IT)
    i.HAL_Delay                              0x08001274   Section        0  stm32f1xx_hal.o(i.HAL_Delay)
    i.HAL_GPIO_Init                          0x0800129c   Section        0  stm32f1xx_hal_gpio.o(i.HAL_GPIO_Init)
    i.HAL_GPIO_WritePin                      0x080015b8   Section        0  stm32f1xx_hal_gpio.o(i.HAL_GPIO_WritePin)
    i.HAL_GetTick                            0x080015c4   Section        0  stm32f1xx_hal.o(i.HAL_GetTick)
    i.HAL_IncTick                            0x080015d0   Section        0  stm32f1xx_hal.o(i.HAL_IncTick)
    i.HAL_Init                               0x080015e8   Section        0  stm32f1xx_hal.o(i.HAL_Init)
    i.HAL_InitTick                           0x08001610   Section        0  stm32f1xx_hal.o(i.HAL_InitTick)
    i.HAL_MspInit                            0x0800165c   Section        0  stm32f1xx_hal_msp.o(i.HAL_MspInit)
    i.HAL_NVIC_EnableIRQ                     0x080016b0   Section        0  stm32f1xx_hal_cortex.o(i.HAL_NVIC_EnableIRQ)
    i.HAL_NVIC_SetPriority                   0x080016ca   Section        0  stm32f1xx_hal_cortex.o(i.HAL_NVIC_SetPriority)
    i.HAL_NVIC_SetPriorityGrouping           0x08001748   Section        0  stm32f1xx_hal_cortex.o(i.HAL_NVIC_SetPriorityGrouping)
    i.HAL_RCCEx_GetPeriphCLKFreq             0x08001770   Section        0  stm32f1xx_hal_rcc_ex.o(i.HAL_RCCEx_GetPeriphCLKFreq)
    i.HAL_RCCEx_PeriphCLKConfig              0x080019a0   Section        0  stm32f1xx_hal_rcc_ex.o(i.HAL_RCCEx_PeriphCLKConfig)
    i.HAL_RCC_ClockConfig                    0x08001bb0   Section        0  stm32f1xx_hal_rcc.o(i.HAL_RCC_ClockConfig)
    i.HAL_RCC_GetHCLKFreq                    0x08001d80   Section        0  stm32f1xx_hal_rcc.o(i.HAL_RCC_GetHCLKFreq)
    i.HAL_RCC_GetPCLK1Freq                   0x08001d8c   Section        0  stm32f1xx_hal_rcc.o(i.HAL_RCC_GetPCLK1Freq)
    i.HAL_RCC_GetPCLK2Freq                   0x08001dac   Section        0  stm32f1xx_hal_rcc.o(i.HAL_RCC_GetPCLK2Freq)
    i.HAL_RCC_GetSysClockFreq                0x08001dcc   Section        0  stm32f1xx_hal_rcc.o(i.HAL_RCC_GetSysClockFreq)
    i.HAL_RCC_OscConfig                      0x08001ef4   Section        0  stm32f1xx_hal_rcc.o(i.HAL_RCC_OscConfig)
    i.HAL_SYSTICK_Config                     0x0800243c   Section        0  stm32f1xx_hal_cortex.o(i.HAL_SYSTICK_Config)
    i.HAL_TIMEx_BreakCallback                0x08002470   Section        0  stm32f1xx_hal_tim_ex.o(i.HAL_TIMEx_BreakCallback)
    i.HAL_TIMEx_CommutationCallback          0x08002472   Section        0  stm32f1xx_hal_tim_ex.o(i.HAL_TIMEx_CommutationCallback)
    i.HAL_TIMEx_ConfigBreakDeadTime          0x08002474   Section        0  stm32f1xx_hal_tim_ex.o(i.HAL_TIMEx_ConfigBreakDeadTime)
    i.HAL_TIMEx_MasterConfigSynchronization  0x080024f2   Section        0  stm32f1xx_hal_tim_ex.o(i.HAL_TIMEx_MasterConfigSynchronization)
    i.HAL_TIM_Base_Init                      0x08002554   Section        0  stm32f1xx_hal_tim.o(i.HAL_TIM_Base_Init)
    i.HAL_TIM_Base_MspInit                   0x08002588   Section        0  stm32f1xx_hal_msp.o(i.HAL_TIM_Base_MspInit)
    i.HAL_TIM_Base_Start_IT                  0x080025cc   Section        0  stm32f1xx_hal_tim.o(i.HAL_TIM_Base_Start_IT)
    i.HAL_TIM_IC_CaptureCallback             0x080025ea   Section        0  stm32f1xx_hal_tim.o(i.HAL_TIM_IC_CaptureCallback)
    i.HAL_TIM_IRQHandler                     0x080025ec   Section        0  stm32f1xx_hal_tim.o(i.HAL_TIM_IRQHandler)
    i.HAL_TIM_MspPostInit                    0x08002784   Section        0  stm32f1xx_hal_msp.o(i.HAL_TIM_MspPostInit)
    i.HAL_TIM_OC_DelayElapsedCallback        0x080027f8   Section        0  stm32f1xx_hal_tim.o(i.HAL_TIM_OC_DelayElapsedCallback)
    i.HAL_TIM_PWM_ConfigChannel              0x080027fa   Section        0  stm32f1xx_hal_tim.o(i.HAL_TIM_PWM_ConfigChannel)
    i.HAL_TIM_PWM_Init                       0x08002902   Section        0  stm32f1xx_hal_tim.o(i.HAL_TIM_PWM_Init)
    i.HAL_TIM_PWM_MspInit                    0x08002938   Section        0  stm32f1xx_hal_msp.o(i.HAL_TIM_PWM_MspInit)
    i.HAL_TIM_PWM_PulseFinishedCallback      0x08002968   Section        0  stm32f1xx_hal_tim.o(i.HAL_TIM_PWM_PulseFinishedCallback)
    i.HAL_TIM_PWM_Start                      0x0800296c   Section        0  stm32f1xx_hal_tim.o(i.HAL_TIM_PWM_Start)
    i.HAL_TIM_PeriodElapsedCallback          0x080029ac   Section        0  touch.o(i.HAL_TIM_PeriodElapsedCallback)
    i.HAL_TIM_TriggerCallback                0x08002a54   Section        0  stm32f1xx_hal_tim.o(i.HAL_TIM_TriggerCallback)
    i.HAL_UART_ErrorCallback                 0x08002a56   Section        0  stm32f1xx_hal_uart.o(i.HAL_UART_ErrorCallback)
    i.HAL_UART_IRQHandler                    0x08002a58   Section        0  stm32f1xx_hal_uart.o(i.HAL_UART_IRQHandler)
    i.HAL_UART_Init                          0x08002ba4   Section        0  stm32f1xx_hal_uart.o(i.HAL_UART_Init)
    i.HAL_UART_MspInit                       0x08002c18   Section        0  stm32f1xx_hal_msp.o(i.HAL_UART_MspInit)
    i.HAL_UART_Receive_IT                    0x08002cb0   Section        0  stm32f1xx_hal_uart.o(i.HAL_UART_Receive_IT)
    i.HAL_UART_RxCpltCallback                0x08002d20   Section        0  stm32f1xx_hal_uart.o(i.HAL_UART_RxCpltCallback)
    i.HAL_UART_TxCpltCallback                0x08002d22   Section        0  stm32f1xx_hal_uart.o(i.HAL_UART_TxCpltCallback)
    i.HardFault_Handler                      0x08002d24   Section        0  stm32f1xx_it.o(i.HardFault_Handler)
    i.ILI9341_Enable                         0x08002d28   Section        0  ili9341_stm32_driver.o(i.ILI9341_Enable)
    i.ILI9341_Init                           0x08002d3c   Section        0  ili9341_stm32_driver.o(i.ILI9341_Init)
    i.ILI9341_Pin_Level_Init                 0x08002f58   Section        0  ili9341_stm32_driver.o(i.ILI9341_Pin_Level_Init)
    i.ILI9341_Reset                          0x08002f8c   Section        0  ili9341_stm32_driver.o(i.ILI9341_Reset)
    i.ILI9341_Set_Rotation                   0x08002fc0   Section        0  ili9341_stm32_driver.o(i.ILI9341_Set_Rotation)
    i.ILI9341_Write_Command                  0x08003048   Section        0  ili9341_stm32_driver.o(i.ILI9341_Write_Command)
    i.ILI9341_Write_Data                     0x080030a0   Section        0  ili9341_stm32_driver.o(i.ILI9341_Write_Data)
    i.MX_ADC1_Init                           0x080030f4   Section        0  main.o(i.MX_ADC1_Init)
    MX_ADC1_Init                             0x080030f5   Thumb Code    82  main.o(i.MX_ADC1_Init)
    i.MX_ADC2_Init                           0x08003150   Section        0  main.o(i.MX_ADC2_Init)
    MX_ADC2_Init                             0x08003151   Thumb Code    82  main.o(i.MX_ADC2_Init)
    i.MX_GPIO_Init                           0x080031ac   Section        0  main.o(i.MX_GPIO_Init)
    MX_GPIO_Init                             0x080031ad   Thumb Code   226  main.o(i.MX_GPIO_Init)
    i.MX_TIM1_Init                           0x0800329c   Section        0  main.o(i.MX_TIM1_Init)
    MX_TIM1_Init                             0x0800329d   Thumb Code   166  main.o(i.MX_TIM1_Init)
    i.MX_TIM6_Init                           0x0800334c   Section        0  main.o(i.MX_TIM6_Init)
    MX_TIM6_Init                             0x0800334d   Thumb Code    66  main.o(i.MX_TIM6_Init)
    i.MX_USART1_UART_Init                    0x08003398   Section        0  main.o(i.MX_USART1_UART_Init)
    MX_USART1_UART_Init                      0x08003399   Thumb Code    46  main.o(i.MX_USART1_UART_Init)
    i.MemManage_Handler                      0x080033d0   Section        0  stm32f1xx_it.o(i.MemManage_Handler)
    i.NMI_Handler                            0x080033d4   Section        0  stm32f1xx_it.o(i.NMI_Handler)
    i.NVIC_GetPriorityGrouping               0x080033d8   Section        0  stm32f1xx_hal_cortex.o(i.NVIC_GetPriorityGrouping)
    NVIC_GetPriorityGrouping                 0x080033d9   Thumb Code    10  stm32f1xx_hal_cortex.o(i.NVIC_GetPriorityGrouping)
    i.NVIC_SetPriority                       0x080033e8   Section        0  stm32f1xx_hal_cortex.o(i.NVIC_SetPriority)
    NVIC_SetPriority                         0x080033e9   Thumb Code    32  stm32f1xx_hal_cortex.o(i.NVIC_SetPriority)
    i.PendSV_Handler                         0x08003410   Section        0  stm32f1xx_it.o(i.PendSV_Handler)
    i.RCC_Delay                              0x08003414   Section        0  stm32f1xx_hal_rcc.o(i.RCC_Delay)
    RCC_Delay                                0x08003415   Thumb Code    36  stm32f1xx_hal_rcc.o(i.RCC_Delay)
    i.SVC_Handler                            0x0800343c   Section        0  stm32f1xx_it.o(i.SVC_Handler)
    i.SysTick_Handler                        0x0800343e   Section        0  stm32f1xx_it.o(i.SysTick_Handler)
    i.SystemClock_Config                     0x08003448   Section        0  main.o(i.SystemClock_Config)
    i.SystemInit                             0x080034e4   Section        0  system_stm32f1xx.o(i.SystemInit)
    i.TIM6_IRQHandler                        0x08003548   Section        0  stm32f1xx_it.o(i.TIM6_IRQHandler)
    i.TIM_Base_SetConfig                     0x08003558   Section        0  stm32f1xx_hal_tim.o(i.TIM_Base_SetConfig)
    i.TIM_CCxChannelCmd                      0x080035dc   Section        0  stm32f1xx_hal_tim.o(i.TIM_CCxChannelCmd)
    i.TIM_OC1_SetConfig                      0x080035f8   Section        0  stm32f1xx_hal_tim.o(i.TIM_OC1_SetConfig)
    TIM_OC1_SetConfig                        0x080035f9   Thumb Code    96  stm32f1xx_hal_tim.o(i.TIM_OC1_SetConfig)
    i.TIM_OC2_SetConfig                      0x0800365c   Section        0  stm32f1xx_hal_tim.o(i.TIM_OC2_SetConfig)
    i.TIM_OC3_SetConfig                      0x080036cc   Section        0  stm32f1xx_hal_tim.o(i.TIM_OC3_SetConfig)
    TIM_OC3_SetConfig                        0x080036cd   Thumb Code   104  stm32f1xx_hal_tim.o(i.TIM_OC3_SetConfig)
    i.TIM_OC4_SetConfig                      0x08003738   Section        0  stm32f1xx_hal_tim.o(i.TIM_OC4_SetConfig)
    TIM_OC4_SetConfig                        0x08003739   Thumb Code    74  stm32f1xx_hal_tim.o(i.TIM_OC4_SetConfig)
    i.UART_DMAAbortOnError                   0x08003788   Section        0  stm32f1xx_hal_uart.o(i.UART_DMAAbortOnError)
    UART_DMAAbortOnError                     0x08003789   Thumb Code    20  stm32f1xx_hal_uart.o(i.UART_DMAAbortOnError)
    i.UART_EndRxTransfer                     0x0800379c   Section        0  stm32f1xx_hal_uart.o(i.UART_EndRxTransfer)
    UART_EndRxTransfer                       0x0800379d   Thumb Code    32  stm32f1xx_hal_uart.o(i.UART_EndRxTransfer)
    i.UART_EndTransmit_IT                    0x080037bc   Section        0  stm32f1xx_hal_uart.o(i.UART_EndTransmit_IT)
    UART_EndTransmit_IT                      0x080037bd   Thumb Code    32  stm32f1xx_hal_uart.o(i.UART_EndTransmit_IT)
    i.UART_Receive_IT                        0x080037dc   Section        0  stm32f1xx_hal_uart.o(i.UART_Receive_IT)
    UART_Receive_IT                          0x080037dd   Thumb Code   166  stm32f1xx_hal_uart.o(i.UART_Receive_IT)
    i.UART_SetConfig                         0x08003884   Section        0  stm32f1xx_hal_uart.o(i.UART_SetConfig)
    UART_SetConfig                           0x08003885   Thumb Code   450  stm32f1xx_hal_uart.o(i.UART_SetConfig)
    i.UART_Transmit_IT                       0x08003a4c   Section        0  stm32f1xx_hal_uart.o(i.UART_Transmit_IT)
    UART_Transmit_IT                         0x08003a4d   Thumb Code   104  stm32f1xx_hal_uart.o(i.UART_Transmit_IT)
    i.USART1_IRQHandler                      0x08003ab4   Section        0  stm32f1xx_it.o(i.USART1_IRQHandler)
    i.UsageFault_Handler                     0x08003ac4   Section        0  stm32f1xx_it.o(i.UsageFault_Handler)
    i.__ARM_fpclassify                       0x08003ac8   Section        0  fpclassify.o(i.__ARM_fpclassify)
    i.__kernel_poly                          0x08003af0   Section        0  poly.o(i.__kernel_poly)
    i.__mathlib_dbl_divzero                  0x08003b9c   Section        0  dunder.o(i.__mathlib_dbl_divzero)
    i.__mathlib_dbl_infnan2                  0x08003bac   Section        0  dunder.o(i.__mathlib_dbl_infnan2)
    i.__mathlib_dbl_invalid                  0x08003bb0   Section        0  dunder.o(i.__mathlib_dbl_invalid)
    i.__mathlib_dbl_overflow                 0x08003bbc   Section        0  dunder.o(i.__mathlib_dbl_overflow)
    i.__mathlib_dbl_underflow                0x08003bcc   Section        0  dunder.o(i.__mathlib_dbl_underflow)
    i.__scatterload_copy                     0x08003bdc   Section       14  handlers.o(i.__scatterload_copy)
    i.__scatterload_null                     0x08003bea   Section        2  handlers.o(i.__scatterload_null)
    i.__scatterload_zeroinit                 0x08003bec   Section       14  handlers.o(i.__scatterload_zeroinit)
    i.__set_errno                            0x08003bfc   Section        0  errno.o(i.__set_errno)
    i.floor                                  0x08003c08   Section        0  floor.o(i.floor)
    i.goBackward                             0x08003ce4   Section        0  main.o(i.goBackward)
    i.goForward                              0x08003d40   Section        0  main.o(i.goForward)
    i.goLeft                                 0x08003d74   Section        0  main.o(i.goLeft)
    i.goRight                                0x08003da8   Section        0  main.o(i.goRight)
    i.main                                   0x08003ddc   Section        0  main.o(i.main)
    i.pow                                    0x08003f70   Section        0  pow.o(i.pow)
    i.sqrt                                   0x08004948   Section        0  sqrt.o(i.sqrt)
    .constdata                               0x08004994   Section       24  system_stm32f1xx.o(.constdata)
    .constdata                               0x080049b0   Section      136  pow.o(.constdata)
    bp                                       0x080049b0   Data          16  pow.o(.constdata)
    dp_h                                     0x080049c0   Data          16  pow.o(.constdata)
    dp_l                                     0x080049d0   Data          16  pow.o(.constdata)
    L                                        0x080049e0   Data          48  pow.o(.constdata)
    P                                        0x08004a10   Data          40  pow.o(.constdata)
    .constdata                               0x08004a38   Section        8  qnan.o(.constdata)
    .data                                    0x20000000   Section        8  main.o(.data)
    .data                                    0x20000008   Section        9  stm32f1xx_hal.o(.data)
    .data                                    0x20000014   Section        4  system_stm32f1xx.o(.data)
    .data                                    0x20000018   Section       29  touch.o(.data)
    .data                                    0x20000036   Section        4  ili9341_stm32_driver.o(.data)
    .data                                    0x2000003c   Section        4  errno.o(.data)
    _errno                                   0x2000003c   Data           4  errno.o(.data)
    .bss                                     0x20000040   Section      288  main.o(.bss)
    STACK                                    0x20000160   Section     1024  startup_stm32f107xc.o(STACK)

    Global Symbols

    Symbol Name                              Value     Ov Type        Size  Object(Section)

    BuildAttributes$$THM_ISAv4$P$D$K$B$S$PE$A:L22UL41UL21$X:L11$S22US41US21$IEEE1$IW$USESV6$~STKCKD$USESV7$~SHL$OTIME$ROPI$IEEEX$EBA8$MICROLIB$REQ8$PRES8$EABIv2 0x00000000   Number         0  anon$$obj.o ABSOLUTE
    __ARM_use_no_argv                        0x00000000   Number         0  main.o ABSOLUTE
    __cpp_initialize__aeabi_                  - Undefined Weak Reference
    __cxa_finalize                            - Undefined Weak Reference
    __decompress                              - Undefined Weak Reference
    _clock_init                               - Undefined Weak Reference
    _microlib_exit                            - Undefined Weak Reference
    __Vectors_Size                           0x00000150   Number         0  startup_stm32f107xc.o ABSOLUTE
    __Vectors                                0x08000000   Data           4  startup_stm32f107xc.o(RESET)
    __Vectors_End                            0x08000150   Data           0  startup_stm32f107xc.o(RESET)
    __main                                   0x08000151   Thumb Code     0  entry.o(.ARM.Collect$$$$00000000)
    _main_stk                                0x08000151   Thumb Code     0  entry2.o(.ARM.Collect$$$$00000001)
    _main_scatterload                        0x08000155   Thumb Code     0  entry5.o(.ARM.Collect$$$$00000004)
    __main_after_scatterload                 0x08000159   Thumb Code     0  entry5.o(.ARM.Collect$$$$00000004)
    _main_clock                              0x08000159   Thumb Code     0  entry7b.o(.ARM.Collect$$$$00000008)
    _main_cpp_init                           0x08000159   Thumb Code     0  entry8b.o(.ARM.Collect$$$$0000000A)
    _main_init                               0x08000159   Thumb Code     0  entry9a.o(.ARM.Collect$$$$0000000B)
    __rt_final_cpp                           0x08000161   Thumb Code     0  entry10a.o(.ARM.Collect$$$$0000000D)
    __rt_final_exit                          0x08000161   Thumb Code     0  entry11a.o(.ARM.Collect$$$$0000000F)
    Reset_Handler                            0x08000165   Thumb Code     8  startup_stm32f107xc.o(.text)
    CAN1_RX0_IRQHandler                      0x0800017f   Thumb Code     0  startup_stm32f107xc.o(.text)
    CAN1_RX1_IRQHandler                      0x0800017f   Thumb Code     0  startup_stm32f107xc.o(.text)
    CAN1_SCE_IRQHandler                      0x0800017f   Thumb Code     0  startup_stm32f107xc.o(.text)
    CAN1_TX_IRQHandler                       0x0800017f   Thumb Code     0  startup_stm32f107xc.o(.text)
    CAN2_RX0_IRQHandler                      0x0800017f   Thumb Code     0  startup_stm32f107xc.o(.text)
    CAN2_RX1_IRQHandler                      0x0800017f   Thumb Code     0  startup_stm32f107xc.o(.text)
    CAN2_SCE_IRQHandler                      0x0800017f   Thumb Code     0  startup_stm32f107xc.o(.text)
    CAN2_TX_IRQHandler                       0x0800017f   Thumb Code     0  startup_stm32f107xc.o(.text)
    DMA1_Channel1_IRQHandler                 0x0800017f   Thumb Code     0  startup_stm32f107xc.o(.text)
    DMA1_Channel2_IRQHandler                 0x0800017f   Thumb Code     0  startup_stm32f107xc.o(.text)
    DMA1_Channel3_IRQHandler                 0x0800017f   Thumb Code     0  startup_stm32f107xc.o(.text)
    DMA1_Channel4_IRQHandler                 0x0800017f   Thumb Code     0  startup_stm32f107xc.o(.text)
    DMA1_Channel5_IRQHandler                 0x0800017f   Thumb Code     0  startup_stm32f107xc.o(.text)
    DMA1_Channel6_IRQHandler                 0x0800017f   Thumb Code     0  startup_stm32f107xc.o(.text)
    DMA1_Channel7_IRQHandler                 0x0800017f   Thumb Code     0  startup_stm32f107xc.o(.text)
    DMA2_Channel1_IRQHandler                 0x0800017f   Thumb Code     0  startup_stm32f107xc.o(.text)
    DMA2_Channel2_IRQHandler                 0x0800017f   Thumb Code     0  startup_stm32f107xc.o(.text)
    DMA2_Channel3_IRQHandler                 0x0800017f   Thumb Code     0  startup_stm32f107xc.o(.text)
    DMA2_Channel4_IRQHandler                 0x0800017f   Thumb Code     0  startup_stm32f107xc.o(.text)
    DMA2_Channel5_IRQHandler                 0x0800017f   Thumb Code     0  startup_stm32f107xc.o(.text)
    ETH_IRQHandler                           0x0800017f   Thumb Code     0  startup_stm32f107xc.o(.text)
    ETH_WKUP_IRQHandler                      0x0800017f   Thumb Code     0  startup_stm32f107xc.o(.text)
    EXTI0_IRQHandler                         0x0800017f   Thumb Code     0  startup_stm32f107xc.o(.text)
    EXTI15_10_IRQHandler                     0x0800017f   Thumb Code     0  startup_stm32f107xc.o(.text)
    EXTI1_IRQHandler                         0x0800017f   Thumb Code     0  startup_stm32f107xc.o(.text)
    EXTI2_IRQHandler                         0x0800017f   Thumb Code     0  startup_stm32f107xc.o(.text)
    EXTI3_IRQHandler                         0x0800017f   Thumb Code     0  startup_stm32f107xc.o(.text)
    EXTI4_IRQHandler                         0x0800017f   Thumb Code     0  startup_stm32f107xc.o(.text)
    EXTI9_5_IRQHandler                       0x0800017f   Thumb Code     0  startup_stm32f107xc.o(.text)
    FLASH_IRQHandler                         0x0800017f   Thumb Code     0  startup_stm32f107xc.o(.text)
    I2C1_ER_IRQHandler                       0x0800017f   Thumb Code     0  startup_stm32f107xc.o(.text)
    I2C1_EV_IRQHandler                       0x0800017f   Thumb Code     0  startup_stm32f107xc.o(.text)
    I2C2_ER_IRQHandler                       0x0800017f   Thumb Code     0  startup_stm32f107xc.o(.text)
    I2C2_EV_IRQHandler                       0x0800017f   Thumb Code     0  startup_stm32f107xc.o(.text)
    OTG_FS_IRQHandler                        0x0800017f   Thumb Code     0  startup_stm32f107xc.o(.text)
    OTG_FS_WKUP_IRQHandler                   0x0800017f   Thumb Code     0  startup_stm32f107xc.o(.text)
    PVD_IRQHandler                           0x0800017f   Thumb Code     0  startup_stm32f107xc.o(.text)
    RCC_IRQHandler                           0x0800017f   Thumb Code     0  startup_stm32f107xc.o(.text)
    RTC_Alarm_IRQHandler                     0x0800017f   Thumb Code     0  startup_stm32f107xc.o(.text)
    RTC_IRQHandler                           0x0800017f   Thumb Code     0  startup_stm32f107xc.o(.text)
    SPI1_IRQHandler                          0x0800017f   Thumb Code     0  startup_stm32f107xc.o(.text)
    SPI2_IRQHandler                          0x0800017f   Thumb Code     0  startup_stm32f107xc.o(.text)
    SPI3_IRQHandler                          0x0800017f   Thumb Code     0  startup_stm32f107xc.o(.text)
    TAMPER_IRQHandler                        0x0800017f   Thumb Code     0  startup_stm32f107xc.o(.text)
    TIM1_BRK_IRQHandler                      0x0800017f   Thumb Code     0  startup_stm32f107xc.o(.text)
    TIM1_CC_IRQHandler                       0x0800017f   Thumb Code     0  startup_stm32f107xc.o(.text)
    TIM1_TRG_COM_IRQHandler                  0x0800017f   Thumb Code     0  startup_stm32f107xc.o(.text)
    TIM1_UP_IRQHandler                       0x0800017f   Thumb Code     0  startup_stm32f107xc.o(.text)
    TIM2_IRQHandler                          0x0800017f   Thumb Code     0  startup_stm32f107xc.o(.text)
    TIM3_IRQHandler                          0x0800017f   Thumb Code     0  startup_stm32f107xc.o(.text)
    TIM4_IRQHandler                          0x0800017f   Thumb Code     0  startup_stm32f107xc.o(.text)
    TIM5_IRQHandler                          0x0800017f   Thumb Code     0  startup_stm32f107xc.o(.text)
    TIM7_IRQHandler                          0x0800017f   Thumb Code     0  startup_stm32f107xc.o(.text)
    UART4_IRQHandler                         0x0800017f   Thumb Code     0  startup_stm32f107xc.o(.text)
    UART5_IRQHandler                         0x0800017f   Thumb Code     0  startup_stm32f107xc.o(.text)
    USART2_IRQHandler                        0x0800017f   Thumb Code     0  startup_stm32f107xc.o(.text)
    USART3_IRQHandler                        0x0800017f   Thumb Code     0  startup_stm32f107xc.o(.text)
    WWDG_IRQHandler                          0x0800017f   Thumb Code     0  startup_stm32f107xc.o(.text)
    __aeabi_uldivmod                         0x08000189   Thumb Code    98  uldiv.o(.text)
    __aeabi_llsr                             0x080001eb   Thumb Code    32  llushr.o(.text)
    _ll_ushift_r                             0x080001eb   Thumb Code     0  llushr.o(.text)
    __aeabi_memset                           0x0800020b   Thumb Code    14  memseta.o(.text)
    __aeabi_memset4                          0x0800020b   Thumb Code     0  memseta.o(.text)
    __aeabi_memset8                          0x0800020b   Thumb Code     0  memseta.o(.text)
    __aeabi_memclr                           0x08000219   Thumb Code     4  memseta.o(.text)
    __aeabi_memclr4                          0x08000219   Thumb Code     0  memseta.o(.text)
    __aeabi_memclr8                          0x08000219   Thumb Code     0  memseta.o(.text)
    _memset$wrapper                          0x0800021d   Thumb Code    18  memseta.o(.text)
    __aeabi_dadd                             0x0800022f   Thumb Code   322  dadd.o(.text)
    __aeabi_dsub                             0x08000371   Thumb Code     6  dadd.o(.text)
    __aeabi_drsub                            0x08000377   Thumb Code     6  dadd.o(.text)
    __aeabi_i2d                              0x0800037d   Thumb Code    34  dflti.o(.text)
    __aeabi_d2iz                             0x0800039f   Thumb Code    62  dfixi.o(.text)
    __aeabi_llsl                             0x080003dd   Thumb Code    30  llshl.o(.text)
    _ll_shift_l                              0x080003dd   Thumb Code     0  llshl.o(.text)
    __aeabi_lasr                             0x080003fb   Thumb Code    36  llsshr.o(.text)
    _ll_sshift_r                             0x080003fb   Thumb Code     0  llsshr.o(.text)
    __I$use$fp                               0x0800041f   Thumb Code     0  iusefp.o(.text)
    _double_round                            0x0800041f   Thumb Code    30  depilogue.o(.text)
    _double_epilogue                         0x0800043d   Thumb Code   156  depilogue.o(.text)
    __aeabi_dmul                             0x080004d9   Thumb Code   228  dmul.o(.text)
    __aeabi_ddiv                             0x080005bd   Thumb Code   222  ddiv.o(.text)
    __ARM_scalbn                             0x0800069b   Thumb Code    46  dscalb.o(.text)
    scalbn                                   0x0800069b   Thumb Code     0  dscalb.o(.text)
    __aeabi_cdrcmple                         0x080006c9   Thumb Code    48  cdrcmple.o(.text)
    __scatterload                            0x080006f9   Thumb Code    28  init.o(.text)
    __scatterload_rt2                        0x080006f9   Thumb Code     0  init.o(.text)
    _dsqrt                                   0x0800071d   Thumb Code   162  dsqrt.o(.text)
    ADC1_2_IRQHandler                        0x080007c1   Thumb Code    16  stm32f1xx_it.o(i.ADC1_2_IRQHandler)
    ADC_ConversionStop_Disable               0x080007d9   Thumb Code    82  stm32f1xx_hal_adc.o(i.ADC_ConversionStop_Disable)
    ADC_Enable                               0x0800082d   Thumb Code   122  stm32f1xx_hal_adc.o(i.ADC_Enable)
    BusFault_Handler                         0x080008b1   Thumb Code     4  stm32f1xx_it.o(i.BusFault_Handler)
    DebugMon_Handler                         0x080008b5   Thumb Code     2  stm32f1xx_it.o(i.DebugMon_Handler)
    EASYMX_BOARD_TOUCH_CmpltCallback         0x080008b9   Thumb Code    84  main.o(i.EASYMX_BOARD_TOUCH_CmpltCallback)
    EASYMX_BOARD_TOUCH_Init                  0x08000919   Thumb Code    14  touch.o(i.EASYMX_BOARD_TOUCH_Init)
    EASYMX_BOARD_TOUCH_Start                 0x08000935   Thumb Code    34  touch.o(i.EASYMX_BOARD_TOUCH_Start)
    Error_Handler                            0x08000969   Thumb Code     2  main.o(i.Error_Handler)
    HAL_ADCEx_Calibration_Start              0x0800096d   Thumb Code   256  stm32f1xx_hal_adc_ex.o(i.HAL_ADCEx_Calibration_Start)
    HAL_ADCEx_InjectedConvCpltCallback       0x08000a71   Thumb Code     2  stm32f1xx_hal_adc_ex.o(i.HAL_ADCEx_InjectedConvCpltCallback)
    HAL_ADC_ConfigChannel                    0x08000a75   Thumb Code   338  stm32f1xx_hal_adc.o(i.HAL_ADC_ConfigChannel)
    HAL_ADC_ConvCpltCallback                 0x08000bd5   Thumb Code    76  touch.o(i.HAL_ADC_ConvCpltCallback)
    HAL_ADC_GetValue                         0x08000c39   Thumb Code     8  stm32f1xx_hal_adc.o(i.HAL_ADC_GetValue)
    HAL_ADC_IRQHandler                       0x08000c41   Thumb Code   290  stm32f1xx_hal_adc.o(i.HAL_ADC_IRQHandler)
    HAL_ADC_Init                             0x08000d65   Thumb Code   314  stm32f1xx_hal_adc.o(i.HAL_ADC_Init)
    HAL_ADC_LevelOutOfWindowCallback         0x08000ea9   Thumb Code     2  stm32f1xx_hal_adc.o(i.HAL_ADC_LevelOutOfWindowCallback)
    HAL_ADC_MspInit                          0x08000ead   Thumb Code   210  stm32f1xx_hal_msp.o(i.HAL_ADC_MspInit)
    HAL_ADC_Start_IT                         0x08000f91   Thumb Code   306  stm32f1xx_hal_adc.o(i.HAL_ADC_Start_IT)
    HAL_DMA_Abort_IT                         0x080010cd   Thumb Code   414  stm32f1xx_hal_dma.o(i.HAL_DMA_Abort_IT)
    HAL_Delay                                0x08001275   Thumb Code    36  stm32f1xx_hal.o(i.HAL_Delay)
    HAL_GPIO_Init                            0x0800129d   Thumb Code   764  stm32f1xx_hal_gpio.o(i.HAL_GPIO_Init)
    HAL_GPIO_WritePin                        0x080015b9   Thumb Code    12  stm32f1xx_hal_gpio.o(i.HAL_GPIO_WritePin)
    HAL_GetTick                              0x080015c5   Thumb Code     6  stm32f1xx_hal.o(i.HAL_GetTick)
    HAL_IncTick                              0x080015d1   Thumb Code    16  stm32f1xx_hal.o(i.HAL_IncTick)
    HAL_Init                                 0x080015e9   Thumb Code    34  stm32f1xx_hal.o(i.HAL_Init)
    HAL_InitTick                             0x08001611   Thumb Code    64  stm32f1xx_hal.o(i.HAL_InitTick)
    HAL_MspInit                              0x0800165d   Thumb Code    76  stm32f1xx_hal_msp.o(i.HAL_MspInit)
    HAL_NVIC_EnableIRQ                       0x080016b1   Thumb Code    26  stm32f1xx_hal_cortex.o(i.HAL_NVIC_EnableIRQ)
    HAL_NVIC_SetPriority                     0x080016cb   Thumb Code   124  stm32f1xx_hal_cortex.o(i.HAL_NVIC_SetPriority)
    HAL_NVIC_SetPriorityGrouping             0x08001749   Thumb Code    32  stm32f1xx_hal_cortex.o(i.HAL_NVIC_SetPriorityGrouping)
    HAL_RCCEx_GetPeriphCLKFreq               0x08001771   Thumb Code   510  stm32f1xx_hal_rcc_ex.o(i.HAL_RCCEx_GetPeriphCLKFreq)
    HAL_RCCEx_PeriphCLKConfig                0x080019a1   Thumb Code   510  stm32f1xx_hal_rcc_ex.o(i.HAL_RCCEx_PeriphCLKConfig)
    HAL_RCC_ClockConfig                      0x08001bb1   Thumb Code   446  stm32f1xx_hal_rcc.o(i.HAL_RCC_ClockConfig)
    HAL_RCC_GetHCLKFreq                      0x08001d81   Thumb Code     6  stm32f1xx_hal_rcc.o(i.HAL_RCC_GetHCLKFreq)
    HAL_RCC_GetPCLK1Freq                     0x08001d8d   Thumb Code    22  stm32f1xx_hal_rcc.o(i.HAL_RCC_GetPCLK1Freq)
    HAL_RCC_GetPCLK2Freq                     0x08001dad   Thumb Code    22  stm32f1xx_hal_rcc.o(i.HAL_RCC_GetPCLK2Freq)
    HAL_RCC_GetSysClockFreq                  0x08001dcd   Thumb Code   248  stm32f1xx_hal_rcc.o(i.HAL_RCC_GetSysClockFreq)
    HAL_RCC_OscConfig                        0x08001ef5   Thumb Code  1342  stm32f1xx_hal_rcc.o(i.HAL_RCC_OscConfig)
    HAL_SYSTICK_Config                       0x0800243d   Thumb Code    52  stm32f1xx_hal_cortex.o(i.HAL_SYSTICK_Config)
    HAL_TIMEx_BreakCallback                  0x08002471   Thumb Code     2  stm32f1xx_hal_tim_ex.o(i.HAL_TIMEx_BreakCallback)
    HAL_TIMEx_CommutationCallback            0x08002473   Thumb Code     2  stm32f1xx_hal_tim_ex.o(i.HAL_TIMEx_CommutationCallback)
    HAL_TIMEx_ConfigBreakDeadTime            0x08002475   Thumb Code   126  stm32f1xx_hal_tim_ex.o(i.HAL_TIMEx_ConfigBreakDeadTime)
    HAL_TIMEx_MasterConfigSynchronization    0x080024f3   Thumb Code    98  stm32f1xx_hal_tim_ex.o(i.HAL_TIMEx_MasterConfigSynchronization)
    HAL_TIM_Base_Init                        0x08002555   Thumb Code    52  stm32f1xx_hal_tim.o(i.HAL_TIM_Base_Init)
    HAL_TIM_Base_MspInit                     0x08002589   Thumb Code    58  stm32f1xx_hal_msp.o(i.HAL_TIM_Base_MspInit)
    HAL_TIM_Base_Start_IT                    0x080025cd   Thumb Code    30  stm32f1xx_hal_tim.o(i.HAL_TIM_Base_Start_IT)
    HAL_TIM_IC_CaptureCallback               0x080025eb   Thumb Code     2  stm32f1xx_hal_tim.o(i.HAL_TIM_IC_CaptureCallback)
    HAL_TIM_IRQHandler                       0x080025ed   Thumb Code   406  stm32f1xx_hal_tim.o(i.HAL_TIM_IRQHandler)
    HAL_TIM_MspPostInit                      0x08002785   Thumb Code    98  stm32f1xx_hal_msp.o(i.HAL_TIM_MspPostInit)
    HAL_TIM_OC_DelayElapsedCallback          0x080027f9   Thumb Code     2  stm32f1xx_hal_tim.o(i.HAL_TIM_OC_DelayElapsedCallback)
    HAL_TIM_PWM_ConfigChannel                0x080027fb   Thumb Code   264  stm32f1xx_hal_tim.o(i.HAL_TIM_PWM_ConfigChannel)
    HAL_TIM_PWM_Init                         0x08002903   Thumb Code    52  stm32f1xx_hal_tim.o(i.HAL_TIM_PWM_Init)
    HAL_TIM_PWM_MspInit                      0x08002939   Thumb Code    40  stm32f1xx_hal_msp.o(i.HAL_TIM_PWM_MspInit)
    HAL_TIM_PWM_PulseFinishedCallback        0x08002969   Thumb Code     2  stm32f1xx_hal_tim.o(i.HAL_TIM_PWM_PulseFinishedCallback)
    HAL_TIM_PWM_Start                        0x0800296d   Thumb Code    60  stm32f1xx_hal_tim.o(i.HAL_TIM_PWM_Start)
    HAL_TIM_PeriodElapsedCallback            0x080029ad   Thumb Code   142  touch.o(i.HAL_TIM_PeriodElapsedCallback)
    HAL_TIM_TriggerCallback                  0x08002a55   Thumb Code     2  stm32f1xx_hal_tim.o(i.HAL_TIM_TriggerCallback)
    HAL_UART_ErrorCallback                   0x08002a57   Thumb Code     2  stm32f1xx_hal_uart.o(i.HAL_UART_ErrorCallback)
    HAL_UART_IRQHandler                      0x08002a59   Thumb Code   326  stm32f1xx_hal_uart.o(i.HAL_UART_IRQHandler)
    HAL_UART_Init                            0x08002ba5   Thumb Code   114  stm32f1xx_hal_uart.o(i.HAL_UART_Init)
    HAL_UART_MspInit                         0x08002c19   Thumb Code   138  stm32f1xx_hal_msp.o(i.HAL_UART_MspInit)
    HAL_UART_Receive_IT                      0x08002cb1   Thumb Code   112  stm32f1xx_hal_uart.o(i.HAL_UART_Receive_IT)
    HAL_UART_RxCpltCallback                  0x08002d21   Thumb Code     2  stm32f1xx_hal_uart.o(i.HAL_UART_RxCpltCallback)
    HAL_UART_TxCpltCallback                  0x08002d23   Thumb Code     2  stm32f1xx_hal_uart.o(i.HAL_UART_TxCpltCallback)
    HardFault_Handler                        0x08002d25   Thumb Code     4  stm32f1xx_it.o(i.HardFault_Handler)
    ILI9341_Enable                           0x08002d29   Thumb Code    14  ili9341_stm32_driver.o(i.ILI9341_Enable)
    ILI9341_Init                             0x08002d3d   Thumb Code   540  ili9341_stm32_driver.o(i.ILI9341_Init)
    ILI9341_Pin_Level_Init                   0x08002f59   Thumb Code    46  ili9341_stm32_driver.o(i.ILI9341_Pin_Level_Init)
    ILI9341_Reset                            0x08002f8d   Thumb Code    48  ili9341_stm32_driver.o(i.ILI9341_Reset)
    ILI9341_Set_Rotation                     0x08002fc1   Thumb Code   128  ili9341_stm32_driver.o(i.ILI9341_Set_Rotation)
    ILI9341_Write_Command                    0x08003049   Thumb Code    82  ili9341_stm32_driver.o(i.ILI9341_Write_Command)
    ILI9341_Write_Data                       0x080030a1   Thumb Code    80  ili9341_stm32_driver.o(i.ILI9341_Write_Data)
    MemManage_Handler                        0x080033d1   Thumb Code     4  stm32f1xx_it.o(i.MemManage_Handler)
    NMI_Handler                              0x080033d5   Thumb Code     2  stm32f1xx_it.o(i.NMI_Handler)
    PendSV_Handler                           0x08003411   Thumb Code     2  stm32f1xx_it.o(i.PendSV_Handler)
    SVC_Handler                              0x0800343d   Thumb Code     2  stm32f1xx_it.o(i.SVC_Handler)
    SysTick_Handler                          0x0800343f   Thumb Code     8  stm32f1xx_it.o(i.SysTick_Handler)
    SystemClock_Config                       0x08003449   Thumb Code   152  main.o(i.SystemClock_Config)
    SystemInit                               0x080034e5   Thumb Code    84  system_stm32f1xx.o(i.SystemInit)
    TIM6_IRQHandler                          0x08003549   Thumb Code    10  stm32f1xx_it.o(i.TIM6_IRQHandler)
    TIM_Base_SetConfig                       0x08003559   Thumb Code   114  stm32f1xx_hal_tim.o(i.TIM_Base_SetConfig)
    TIM_CCxChannelCmd                        0x080035dd   Thumb Code    28  stm32f1xx_hal_tim.o(i.TIM_CCxChannelCmd)
    TIM_OC2_SetConfig                        0x0800365d   Thumb Code   106  stm32f1xx_hal_tim.o(i.TIM_OC2_SetConfig)
    USART1_IRQHandler                        0x08003ab5   Thumb Code    10  stm32f1xx_it.o(i.USART1_IRQHandler)
    UsageFault_Handler                       0x08003ac5   Thumb Code     4  stm32f1xx_it.o(i.UsageFault_Handler)
    __ARM_fpclassify                         0x08003ac9   Thumb Code    40  fpclassify.o(i.__ARM_fpclassify)
    __kernel_poly                            0x08003af1   Thumb Code   170  poly.o(i.__kernel_poly)
    __mathlib_dbl_divzero                    0x08003b9d   Thumb Code    12  dunder.o(i.__mathlib_dbl_divzero)
    __mathlib_dbl_infnan2                    0x08003bad   Thumb Code     4  dunder.o(i.__mathlib_dbl_infnan2)
    __mathlib_dbl_invalid                    0x08003bb1   Thumb Code    12  dunder.o(i.__mathlib_dbl_invalid)
    __mathlib_dbl_overflow                   0x08003bbd   Thumb Code    14  dunder.o(i.__mathlib_dbl_overflow)
    __mathlib_dbl_underflow                  0x08003bcd   Thumb Code    10  dunder.o(i.__mathlib_dbl_underflow)
    __scatterload_copy                       0x08003bdd   Thumb Code    14  handlers.o(i.__scatterload_copy)
    __scatterload_null                       0x08003beb   Thumb Code     2  handlers.o(i.__scatterload_null)
    __scatterload_zeroinit                   0x08003bed   Thumb Code    14  handlers.o(i.__scatterload_zeroinit)
    __set_errno                              0x08003bfd   Thumb Code     6  errno.o(i.__set_errno)
    floor                                    0x08003c09   Thumb Code   204  floor.o(i.floor)
    goBackward                               0x08003ce5   Thumb Code    84  main.o(i.goBackward)
    goForward                                0x08003d41   Thumb Code    48  main.o(i.goForward)
    goLeft                                   0x08003d75   Thumb Code    48  main.o(i.goLeft)
    goRight                                  0x08003da9   Thumb Code    48  main.o(i.goRight)
    main                                     0x08003ddd   Thumb Code   352  main.o(i.main)
    pow                                      0x08003f71   Thumb Code  2512  pow.o(i.pow)
    sqrt                                     0x08004949   Thumb Code    76  sqrt.o(i.sqrt)
    AHBPrescTable                            0x08004994   Data          16  system_stm32f1xx.o(.constdata)
    APBPrescTable                            0x080049a4   Data           8  system_stm32f1xx.o(.constdata)
    __mathlib_zero                           0x08004a38   Data           8  qnan.o(.constdata)
    Region$$Table$$Base                      0x08004a40   Number         0  anon$$obj.o(Region$$Table)
    Region$$Table$$Limit                     0x08004a60   Number         0  anon$$obj.o(Region$$Table)
    coor_x                                   0x20000000   Data           4  main.o(.data)
    coor_y                                   0x20000004   Data           4  main.o(.data)
    uwTick                                   0x20000008   Data           4  stm32f1xx_hal.o(.data)
    uwTickPrio                               0x2000000c   Data           4  stm32f1xx_hal.o(.data)
    uwTickFreq                               0x20000010   Data           1  stm32f1xx_hal.o(.data)
    SystemCoreClock                          0x20000014   Data           4  system_stm32f1xx.o(.data)
    phadc1_x                                 0x20000018   Data           4  touch.o(.data)
    phadc2_y                                 0x2000001c   Data           4  touch.o(.data)
    phtim6_TIM6                              0x20000020   Data           4  touch.o(.data)
    x_tmp                                    0x20000024   Data           4  touch.o(.data)
    y_tmp                                    0x20000028   Data           4  touch.o(.data)
    x_raw                                    0x2000002c   Data           4  touch.o(.data)
    y_raw                                    0x20000030   Data           4  touch.o(.data)
    stage                                    0x20000034   Data           1  touch.o(.data)
    LCD_HEIGHT                               0x20000036   Data           2  ili9341_stm32_driver.o(.data)
    LCD_WIDTH                                0x20000038   Data           2  ili9341_stm32_driver.o(.data)
    hadc1                                    0x20000040   Data          48  main.o(.bss)
    hadc2                                    0x20000070   Data          48  main.o(.bss)
    htim1                                    0x200000a0   Data          64  main.o(.bss)
    htim6                                    0x200000e0   Data          64  main.o(.bss)
    huart1                                   0x20000120   Data          64  main.o(.bss)
    __initial_sp                             0x20000560   Data           0  startup_stm32f107xc.o(STACK)



==============================================================================

Memory Map of the image

  Image Entry point : 0x08000151

  Load Region LR_IROM1 (Base: 0x08000000, Size: 0x00004aa0, Max: 0x00040000, ABSOLUTE)

    Execution Region ER_IROM1 (Exec base: 0x08000000, Load base: 0x08000000, Size: 0x00004a60, Max: 0x00040000, ABSOLUTE)

    Exec Addr    Load Addr    Size         Type   Attr      Idx    E Section Name        Object

    0x08000000   0x08000000   0x00000150   Data   RO            3    RESET               startup_stm32f107xc.o
    0x08000150   0x08000150   0x00000000   Code   RO         3143  * .ARM.Collect$$$$00000000  mc_w.l(entry.o)
    0x08000150   0x08000150   0x00000004   Code   RO         3189    .ARM.Collect$$$$00000001  mc_w.l(entry2.o)
    0x08000154   0x08000154   0x00000004   Code   RO         3192    .ARM.Collect$$$$00000004  mc_w.l(entry5.o)
    0x08000158   0x08000158   0x00000000   Code   RO         3194    .ARM.Collect$$$$00000008  mc_w.l(entry7b.o)
    0x08000158   0x08000158   0x00000000   Code   RO         3196    .ARM.Collect$$$$0000000A  mc_w.l(entry8b.o)
    0x08000158   0x08000158   0x00000008   Code   RO         3197    .ARM.Collect$$$$0000000B  mc_w.l(entry9a.o)
    0x08000160   0x08000160   0x00000000   Code   RO         3199    .ARM.Collect$$$$0000000D  mc_w.l(entry10a.o)
    0x08000160   0x08000160   0x00000000   Code   RO         3201    .ARM.Collect$$$$0000000F  mc_w.l(entry11a.o)
    0x08000160   0x08000160   0x00000004   Code   RO         3190    .ARM.Collect$$$$00002712  mc_w.l(entry2.o)
    0x08000164   0x08000164   0x00000024   Code   RO            4    .text               startup_stm32f107xc.o
    0x08000188   0x08000188   0x00000062   Code   RO         3146    .text               mc_w.l(uldiv.o)
    0x080001ea   0x080001ea   0x00000020   Code   RO         3148    .text               mc_w.l(llushr.o)
    0x0800020a   0x0800020a   0x00000024   Code   RO         3150    .text               mc_w.l(memseta.o)
    0x0800022e   0x0800022e   0x0000014e   Code   RO         3152    .text               mf_w.l(dadd.o)
    0x0800037c   0x0800037c   0x00000022   Code   RO         3156    .text               mf_w.l(dflti.o)
    0x0800039e   0x0800039e   0x0000003e   Code   RO         3158    .text               mf_w.l(dfixi.o)
    0x080003dc   0x080003dc   0x0000001e   Code   RO         3203    .text               mc_w.l(llshl.o)
    0x080003fa   0x080003fa   0x00000024   Code   RO         3205    .text               mc_w.l(llsshr.o)
    0x0800041e   0x0800041e   0x00000000   Code   RO         3214    .text               mc_w.l(iusefp.o)
    0x0800041e   0x0800041e   0x000000ba   Code   RO         3217    .text               mf_w.l(depilogue.o)
    0x080004d8   0x080004d8   0x000000e4   Code   RO         3219    .text               mf_w.l(dmul.o)
    0x080005bc   0x080005bc   0x000000de   Code   RO         3221    .text               mf_w.l(ddiv.o)
    0x0800069a   0x0800069a   0x0000002e   Code   RO         3223    .text               mf_w.l(dscalb.o)
    0x080006c8   0x080006c8   0x00000030   Code   RO         3225    .text               mf_w.l(cdrcmple.o)
    0x080006f8   0x080006f8   0x00000024   Code   RO         3227    .text               mc_w.l(init.o)
    0x0800071c   0x0800071c   0x000000a2   Code   RO         3229    .text               mf_w.l(dsqrt.o)
    0x080007be   0x080007be   0x00000002   PAD
    0x080007c0   0x080007c0   0x00000018   Code   RO          215    i.ADC1_2_IRQHandler  stm32f1xx_it.o
    0x080007d8   0x080007d8   0x00000052   Code   RO          423    i.ADC_ConversionStop_Disable  stm32f1xx_hal_adc.o
    0x0800082a   0x0800082a   0x00000002   PAD
    0x0800082c   0x0800082c   0x00000084   Code   RO          427    i.ADC_Enable        stm32f1xx_hal_adc.o
    0x080008b0   0x080008b0   0x00000004   Code   RO          216    i.BusFault_Handler  stm32f1xx_it.o
    0x080008b4   0x080008b4   0x00000002   Code   RO          217    i.DebugMon_Handler  stm32f1xx_it.o
    0x080008b6   0x080008b6   0x00000002   PAD
    0x080008b8   0x080008b8   0x00000060   Code   RO           13    i.EASYMX_BOARD_TOUCH_CmpltCallback  main.o
    0x08000918   0x08000918   0x0000001c   Code   RO         2888    i.EASYMX_BOARD_TOUCH_Init  touch.o
    0x08000934   0x08000934   0x00000034   Code   RO         2889    i.EASYMX_BOARD_TOUCH_Start  touch.o
    0x08000968   0x08000968   0x00000002   Code   RO           14    i.Error_Handler     main.o
    0x0800096a   0x0800096a   0x00000002   PAD
    0x0800096c   0x0800096c   0x00000104   Code   RO          603    i.HAL_ADCEx_Calibration_Start  stm32f1xx_hal_adc_ex.o
    0x08000a70   0x08000a70   0x00000002   Code   RO          605    i.HAL_ADCEx_InjectedConvCpltCallback  stm32f1xx_hal_adc_ex.o
    0x08000a72   0x08000a72   0x00000002   PAD
    0x08000a74   0x08000a74   0x00000160   Code   RO          429    i.HAL_ADC_ConfigChannel  stm32f1xx_hal_adc.o
    0x08000bd4   0x08000bd4   0x00000064   Code   RO         2890    i.HAL_ADC_ConvCpltCallback  touch.o
    0x08000c38   0x08000c38   0x00000008   Code   RO          436    i.HAL_ADC_GetValue  stm32f1xx_hal_adc.o
    0x08000c40   0x08000c40   0x00000122   Code   RO          437    i.HAL_ADC_IRQHandler  stm32f1xx_hal_adc.o
    0x08000d62   0x08000d62   0x00000002   PAD
    0x08000d64   0x08000d64   0x00000144   Code   RO          438    i.HAL_ADC_Init      stm32f1xx_hal_adc.o
    0x08000ea8   0x08000ea8   0x00000002   Code   RO          439    i.HAL_ADC_LevelOutOfWindowCallback  stm32f1xx_hal_adc.o
    0x08000eaa   0x08000eaa   0x00000002   PAD
    0x08000eac   0x08000eac   0x000000e4   Code   RO          310    i.HAL_ADC_MspInit   stm32f1xx_hal_msp.o
    0x08000f90   0x08000f90   0x0000013c   Code   RO          446    i.HAL_ADC_Start_IT  stm32f1xx_hal_adc.o
    0x080010cc   0x080010cc   0x000001a8   Code   RO         2301    i.HAL_DMA_Abort_IT  stm32f1xx_hal_dma.o
    0x08001274   0x08001274   0x00000028   Code   RO         1911    i.HAL_Delay         stm32f1xx_hal.o
    0x0800129c   0x0800129c   0x0000031c   Code   RO         2236    i.HAL_GPIO_Init     stm32f1xx_hal_gpio.o
    0x080015b8   0x080015b8   0x0000000c   Code   RO         2240    i.HAL_GPIO_WritePin  stm32f1xx_hal_gpio.o
    0x080015c4   0x080015c4   0x0000000c   Code   RO         1915    i.HAL_GetTick       stm32f1xx_hal.o
    0x080015d0   0x080015d0   0x00000018   Code   RO         1919    i.HAL_IncTick       stm32f1xx_hal.o
    0x080015e8   0x080015e8   0x00000028   Code   RO         1920    i.HAL_Init          stm32f1xx_hal.o
    0x08001610   0x08001610   0x0000004c   Code   RO         1921    i.HAL_InitTick      stm32f1xx_hal.o
    0x0800165c   0x0800165c   0x00000054   Code   RO          311    i.HAL_MspInit       stm32f1xx_hal_msp.o
    0x080016b0   0x080016b0   0x0000001a   Code   RO         2396    i.HAL_NVIC_EnableIRQ  stm32f1xx_hal_cortex.o
    0x080016ca   0x080016ca   0x0000007c   Code   RO         2402    i.HAL_NVIC_SetPriority  stm32f1xx_hal_cortex.o
    0x08001746   0x08001746   0x00000002   PAD
    0x08001748   0x08001748   0x00000028   Code   RO         2403    i.HAL_NVIC_SetPriorityGrouping  stm32f1xx_hal_cortex.o
    0x08001770   0x08001770   0x00000230   Code   RO         2178    i.HAL_RCCEx_GetPeriphCLKFreq  stm32f1xx_hal_rcc_ex.o
    0x080019a0   0x080019a0   0x00000210   Code   RO         2179    i.HAL_RCCEx_PeriphCLKConfig  stm32f1xx_hal_rcc_ex.o
    0x08001bb0   0x08001bb0   0x000001d0   Code   RO         2067    i.HAL_RCC_ClockConfig  stm32f1xx_hal_rcc.o
    0x08001d80   0x08001d80   0x0000000c   Code   RO         2072    i.HAL_RCC_GetHCLKFreq  stm32f1xx_hal_rcc.o
    0x08001d8c   0x08001d8c   0x00000020   Code   RO         2074    i.HAL_RCC_GetPCLK1Freq  stm32f1xx_hal_rcc.o
    0x08001dac   0x08001dac   0x00000020   Code   RO         2075    i.HAL_RCC_GetPCLK2Freq  stm32f1xx_hal_rcc.o
    0x08001dcc   0x08001dcc   0x00000128   Code   RO         2076    i.HAL_RCC_GetSysClockFreq  stm32f1xx_hal_rcc.o
    0x08001ef4   0x08001ef4   0x00000548   Code   RO         2079    i.HAL_RCC_OscConfig  stm32f1xx_hal_rcc.o
    0x0800243c   0x0800243c   0x00000034   Code   RO         2407    i.HAL_SYSTICK_Config  stm32f1xx_hal_cortex.o
    0x08002470   0x08002470   0x00000002   Code   RO         1340    i.HAL_TIMEx_BreakCallback  stm32f1xx_hal_tim_ex.o
    0x08002472   0x08002472   0x00000002   Code   RO         1341    i.HAL_TIMEx_CommutationCallback  stm32f1xx_hal_tim_ex.o
    0x08002474   0x08002474   0x0000007e   Code   RO         1342    i.HAL_TIMEx_ConfigBreakDeadTime  stm32f1xx_hal_tim_ex.o
    0x080024f2   0x080024f2   0x00000062   Code   RO         1357    i.HAL_TIMEx_MasterConfigSynchronization  stm32f1xx_hal_tim_ex.o
    0x08002554   0x08002554   0x00000034   Code   RO          701    i.HAL_TIM_Base_Init  stm32f1xx_hal_tim.o
    0x08002588   0x08002588   0x00000044   Code   RO          313    i.HAL_TIM_Base_MspInit  stm32f1xx_hal_msp.o
    0x080025cc   0x080025cc   0x0000001e   Code   RO          706    i.HAL_TIM_Base_Start_IT  stm32f1xx_hal_tim.o
    0x080025ea   0x080025ea   0x00000002   Code   RO          730    i.HAL_TIM_IC_CaptureCallback  stm32f1xx_hal_tim.o
    0x080025ec   0x080025ec   0x00000196   Code   RO          743    i.HAL_TIM_IRQHandler  stm32f1xx_hal_tim.o
    0x08002782   0x08002782   0x00000002   PAD
    0x08002784   0x08002784   0x00000074   Code   RO          314    i.HAL_TIM_MspPostInit  stm32f1xx_hal_msp.o
    0x080027f8   0x080027f8   0x00000002   Code   RO          746    i.HAL_TIM_OC_DelayElapsedCallback  stm32f1xx_hal_tim.o
    0x080027fa   0x080027fa   0x00000108   Code   RO          767    i.HAL_TIM_PWM_ConfigChannel  stm32f1xx_hal_tim.o
    0x08002902   0x08002902   0x00000034   Code   RO          770    i.HAL_TIM_PWM_Init  stm32f1xx_hal_tim.o
    0x08002936   0x08002936   0x00000002   PAD
    0x08002938   0x08002938   0x00000030   Code   RO          316    i.HAL_TIM_PWM_MspInit  stm32f1xx_hal_msp.o
    0x08002968   0x08002968   0x00000002   Code   RO          773    i.HAL_TIM_PWM_PulseFinishedCallback  stm32f1xx_hal_tim.o
    0x0800296a   0x0800296a   0x00000002   PAD
    0x0800296c   0x0800296c   0x00000040   Code   RO          774    i.HAL_TIM_PWM_Start  stm32f1xx_hal_tim.o
    0x080029ac   0x080029ac   0x000000a8   Code   RO         2891    i.HAL_TIM_PeriodElapsedCallback  touch.o
    0x08002a54   0x08002a54   0x00000002   Code   RO          784    i.HAL_TIM_TriggerCallback  stm32f1xx_hal_tim.o
    0x08002a56   0x08002a56   0x00000002   Code   RO         1594    i.HAL_UART_ErrorCallback  stm32f1xx_hal_uart.o
    0x08002a58   0x08002a58   0x0000014c   Code   RO         1597    i.HAL_UART_IRQHandler  stm32f1xx_hal_uart.o
    0x08002ba4   0x08002ba4   0x00000072   Code   RO         1598    i.HAL_UART_Init     stm32f1xx_hal_uart.o
    0x08002c16   0x08002c16   0x00000002   PAD
    0x08002c18   0x08002c18   0x00000098   Code   RO          318    i.HAL_UART_MspInit  stm32f1xx_hal_msp.o
    0x08002cb0   0x08002cb0   0x00000070   Code   RO         1603    i.HAL_UART_Receive_IT  stm32f1xx_hal_uart.o
    0x08002d20   0x08002d20   0x00000002   Code   RO         1604    i.HAL_UART_RxCpltCallback  stm32f1xx_hal_uart.o
    0x08002d22   0x08002d22   0x00000002   Code   RO         1609    i.HAL_UART_TxCpltCallback  stm32f1xx_hal_uart.o
    0x08002d24   0x08002d24   0x00000004   Code   RO          218    i.HardFault_Handler  stm32f1xx_it.o
    0x08002d28   0x08002d28   0x00000014   Code   RO         3015    i.ILI9341_Enable    ili9341_stm32_driver.o
    0x08002d3c   0x08002d3c   0x0000021c   Code   RO         3017    i.ILI9341_Init      ili9341_stm32_driver.o
    0x08002f58   0x08002f58   0x00000034   Code   RO         3018    i.ILI9341_Pin_Level_Init  ili9341_stm32_driver.o
    0x08002f8c   0x08002f8c   0x00000034   Code   RO         3019    i.ILI9341_Reset     ili9341_stm32_driver.o
    0x08002fc0   0x08002fc0   0x00000088   Code   RO         3022    i.ILI9341_Set_Rotation  ili9341_stm32_driver.o
    0x08003048   0x08003048   0x00000058   Code   RO         3024    i.ILI9341_Write_Command  ili9341_stm32_driver.o
    0x080030a0   0x080030a0   0x00000054   Code   RO         3025    i.ILI9341_Write_Data  ili9341_stm32_driver.o
    0x080030f4   0x080030f4   0x0000005c   Code   RO           15    i.MX_ADC1_Init      main.o
    0x08003150   0x08003150   0x0000005c   Code   RO           16    i.MX_ADC2_Init      main.o
    0x080031ac   0x080031ac   0x000000f0   Code   RO           17    i.MX_GPIO_Init      main.o
    0x0800329c   0x0800329c   0x000000b0   Code   RO           18    i.MX_TIM1_Init      main.o
    0x0800334c   0x0800334c   0x0000004c   Code   RO           19    i.MX_TIM6_Init      main.o
    0x08003398   0x08003398   0x00000038   Code   RO           20    i.MX_USART1_UART_Init  main.o
    0x080033d0   0x080033d0   0x00000004   Code   RO          219    i.MemManage_Handler  stm32f1xx_it.o
    0x080033d4   0x080033d4   0x00000002   Code   RO          220    i.NMI_Handler       stm32f1xx_it.o
    0x080033d6   0x080033d6   0x00000002   PAD
    0x080033d8   0x080033d8   0x00000010   Code   RO         2409    i.NVIC_GetPriorityGrouping  stm32f1xx_hal_cortex.o
    0x080033e8   0x080033e8   0x00000028   Code   RO         2410    i.NVIC_SetPriority  stm32f1xx_hal_cortex.o
    0x08003410   0x08003410   0x00000002   Code   RO          221    i.PendSV_Handler    stm32f1xx_it.o
    0x08003412   0x08003412   0x00000002   PAD
    0x08003414   0x08003414   0x00000028   Code   RO         2080    i.RCC_Delay         stm32f1xx_hal_rcc.o
    0x0800343c   0x0800343c   0x00000002   Code   RO          222    i.SVC_Handler       stm32f1xx_it.o
    0x0800343e   0x0800343e   0x00000008   Code   RO          223    i.SysTick_Handler   stm32f1xx_it.o
    0x08003446   0x08003446   0x00000002   PAD
    0x08003448   0x08003448   0x0000009c   Code   RO           21    i.SystemClock_Config  main.o
    0x080034e4   0x080034e4   0x00000064   Code   RO         2851    i.SystemInit        system_stm32f1xx.o
    0x08003548   0x08003548   0x00000010   Code   RO          224    i.TIM6_IRQHandler   stm32f1xx_it.o
    0x08003558   0x08003558   0x00000084   Code   RO          785    i.TIM_Base_SetConfig  stm32f1xx_hal_tim.o
    0x080035dc   0x080035dc   0x0000001c   Code   RO          786    i.TIM_CCxChannelCmd  stm32f1xx_hal_tim.o
    0x080035f8   0x080035f8   0x00000064   Code   RO          794    i.TIM_OC1_SetConfig  stm32f1xx_hal_tim.o
    0x0800365c   0x0800365c   0x00000070   Code   RO          795    i.TIM_OC2_SetConfig  stm32f1xx_hal_tim.o
    0x080036cc   0x080036cc   0x0000006c   Code   RO          796    i.TIM_OC3_SetConfig  stm32f1xx_hal_tim.o
    0x08003738   0x08003738   0x00000050   Code   RO          797    i.TIM_OC4_SetConfig  stm32f1xx_hal_tim.o
    0x08003788   0x08003788   0x00000014   Code   RO         1611    i.UART_DMAAbortOnError  stm32f1xx_hal_uart.o
    0x0800379c   0x0800379c   0x00000020   Code   RO         1621    i.UART_EndRxTransfer  stm32f1xx_hal_uart.o
    0x080037bc   0x080037bc   0x00000020   Code   RO         1622    i.UART_EndTransmit_IT  stm32f1xx_hal_uart.o
    0x080037dc   0x080037dc   0x000000a6   Code   RO         1624    i.UART_Receive_IT   stm32f1xx_hal_uart.o
    0x08003882   0x08003882   0x00000002   PAD
    0x08003884   0x08003884   0x000001c8   Code   RO         1625    i.UART_SetConfig    stm32f1xx_hal_uart.o
    0x08003a4c   0x08003a4c   0x00000068   Code   RO         1626    i.UART_Transmit_IT  stm32f1xx_hal_uart.o
    0x08003ab4   0x08003ab4   0x00000010   Code   RO          225    i.USART1_IRQHandler  stm32f1xx_it.o
    0x08003ac4   0x08003ac4   0x00000004   Code   RO          226    i.UsageFault_Handler  stm32f1xx_it.o
    0x08003ac8   0x08003ac8   0x00000028   Code   RO         3176    i.__ARM_fpclassify  m_ws.l(fpclassify.o)
    0x08003af0   0x08003af0   0x000000aa   Code   RO         3178    i.__kernel_poly     m_ws.l(poly.o)
    0x08003b9a   0x08003b9a   0x00000002   PAD
    0x08003b9c   0x08003b9c   0x00000010   Code   RO         3162    i.__mathlib_dbl_divzero  m_ws.l(dunder.o)
    0x08003bac   0x08003bac   0x00000004   Code   RO         3164    i.__mathlib_dbl_infnan2  m_ws.l(dunder.o)
    0x08003bb0   0x08003bb0   0x0000000c   Code   RO         3165    i.__mathlib_dbl_invalid  m_ws.l(dunder.o)
    0x08003bbc   0x08003bbc   0x0000000e   Code   RO         3166    i.__mathlib_dbl_overflow  m_ws.l(dunder.o)
    0x08003bca   0x08003bca   0x00000002   PAD
    0x08003bcc   0x08003bcc   0x00000010   Code   RO         3168    i.__mathlib_dbl_underflow  m_ws.l(dunder.o)
    0x08003bdc   0x08003bdc   0x0000000e   Code   RO         3235    i.__scatterload_copy  mc_w.l(handlers.o)
    0x08003bea   0x08003bea   0x00000002   Code   RO         3236    i.__scatterload_null  mc_w.l(handlers.o)
    0x08003bec   0x08003bec   0x0000000e   Code   RO         3237    i.__scatterload_zeroinit  mc_w.l(handlers.o)
    0x08003bfa   0x08003bfa   0x00000002   PAD
    0x08003bfc   0x08003bfc   0x0000000c   Code   RO         3209    i.__set_errno       mc_w.l(errno.o)
    0x08003c08   0x08003c08   0x000000dc   Code   RO         3130    i.floor             m_ws.l(floor.o)
    0x08003ce4   0x08003ce4   0x0000005c   Code   RO           22    i.goBackward        main.o
    0x08003d40   0x08003d40   0x00000034   Code   RO           23    i.goForward         main.o
    0x08003d74   0x08003d74   0x00000034   Code   RO           24    i.goLeft            main.o
    0x08003da8   0x08003da8   0x00000034   Code   RO           25    i.goRight           main.o
    0x08003ddc   0x08003ddc   0x00000194   Code   RO           26    i.main              main.o
    0x08003f70   0x08003f70   0x000009d8   Code   RO         3134    i.pow               m_ws.l(pow.o)
    0x08004948   0x08004948   0x0000004c   Code   RO         3182    i.sqrt              m_ws.l(sqrt.o)
    0x08004994   0x08004994   0x00000018   Data   RO         2852    .constdata          system_stm32f1xx.o
    0x080049ac   0x080049ac   0x00000004   PAD
    0x080049b0   0x080049b0   0x00000088   Data   RO         3135    .constdata          m_ws.l(pow.o)
    0x08004a38   0x08004a38   0x00000008   Data   RO         3180    .constdata          m_ws.l(qnan.o)
    0x08004a40   0x08004a40   0x00000020   Data   RO         3233    Region$$Table       anon$$obj.o


    Execution Region RW_IRAM1 (Exec base: 0x20000000, Load base: 0x08004a60, Size: 0x00000560, Max: 0x00010000, ABSOLUTE)

    Exec Addr    Load Addr    Size         Type   Attr      Idx    E Section Name        Object

    0x20000000   0x08004a60   0x00000008   Data   RW           28    .data               main.o
    0x20000008   0x08004a68   0x00000009   Data   RW         1927    .data               stm32f1xx_hal.o
    0x20000011   0x08004a71   0x00000003   PAD
    0x20000014   0x08004a74   0x00000004   Data   RW         2853    .data               system_stm32f1xx.o
    0x20000018   0x08004a78   0x0000001d   Data   RW         2892    .data               touch.o
    0x20000035   0x08004a95   0x00000001   PAD
    0x20000036   0x08004a96   0x00000004   Data   RW         3026    .data               ili9341_stm32_driver.o
    0x2000003a   0x08004a9a   0x00000002   PAD
    0x2000003c   0x08004a9c   0x00000004   Data   RW         3210    .data               mc_w.l(errno.o)
    0x20000040        -       0x00000120   Zero   RW           27    .bss                main.o
    0x20000160        -       0x00000400   Zero   RW            1    STACK               startup_stm32f107xc.o


==============================================================================

Image component sizes


      Code (inc. data)   RO Data    RW Data    ZI Data      Debug   Object Name

       972         34          0          4          0       6180   ili9341_stm32_driver.o
      1638        152          0          8        288     672285   main.o
        36          8        336          0       1024        788   startup_stm32f107xc.o
       192         36          0          9          0       6861   stm32f1xx_hal.o
      1506         44          0          0          0       6447   stm32f1xx_hal_adc.o
       262          4          0          0          0       1975   stm32f1xx_hal_adc_ex.o
       298         22          0          0          0      26127   stm32f1xx_hal_cortex.o
       424         10          0          0          0       1195   stm32f1xx_hal_dma.o
       808         32          0          0          0       2616   stm32f1xx_hal_gpio.o
       696         76          0          0          0       4094   stm32f1xx_hal_msp.o
      2228        124          0          0          0       6132   stm32f1xx_hal_rcc.o
      1088         68          0          0          0       2717   stm32f1xx_hal_rcc_ex.o
      1436         42          0          0          0      10842   stm32f1xx_hal_tim.o
       228          0          0          0          0       2982   stm32f1xx_hal_tim_ex.o
      1374         12          0          0          0       7965   stm32f1xx_hal_uart.o
        88         20          0          0          0       5024   stm32f1xx_it.o
       100         16         24          4          0       1119   system_stm32f1xx.o
       348         88          0         29          0       2742   touch.o

    ----------------------------------------------------------------------
     13752        788        396         60       1312     768091   Object Totals
         0          0         32          0          0          0   (incl. Generated)
        30          0          4          6          0          0   (incl. Padding)

    ----------------------------------------------------------------------

      Code (inc. data)   RO Data    RW Data    ZI Data      Debug   Library Member Name

        62         10          0          0          0        340   dunder.o
       220         16          0          0          0         84   floor.o
        40          0          0          0          0         68   fpclassify.o
       170          0          0          0          0         96   poly.o
      2520        190        136          0          0        324   pow.o
         0          0          8          0          0          0   qnan.o
        76          0          0          0          0         84   sqrt.o
         0          0          0          0          0          0   entry.o
         0          0          0          0          0          0   entry10a.o
         0          0          0          0          0          0   entry11a.o
         8          4          0          0          0          0   entry2.o
         4          0          0          0          0          0   entry5.o
         0          0          0          0          0          0   entry7b.o
         0          0          0          0          0          0   entry8b.o
         8          4          0          0          0          0   entry9a.o
        12          6          0          4          0         68   errno.o
        30          0          0          0          0          0   handlers.o
        36          8          0          0          0         68   init.o
         0          0          0          0          0          0   iusefp.o
        30          0          0          0          0         68   llshl.o
        36          0          0          0          0         68   llsshr.o
        32          0          0          0          0         68   llushr.o
        36          0          0          0          0        108   memseta.o
        98          0          0          0          0         92   uldiv.o
        48          0          0          0          0         68   cdrcmple.o
       334          0          0          0          0        148   dadd.o
       222          0          0          0          0        100   ddiv.o
       186          0          0          0          0        176   depilogue.o
        62          0          0          0          0         80   dfixi.o
        34          0          0          0          0         76   dflti.o
       228          0          0          0          0         96   dmul.o
        46          0          0          0          0         80   dscalb.o
       162          0          0          0          0        100   dsqrt.o

    ----------------------------------------------------------------------
      4748        238        144          4          0       2460   Library Totals
         8          0          0          0          0          0   (incl. Padding)

    ----------------------------------------------------------------------

      Code (inc. data)   RO Data    RW Data    ZI Data      Debug   Library Name

      3088        216        144          0          0        996   m_ws.l
       330         22          0          4          0        540   mc_w.l
      1322          0          0          0          0        924   mf_w.l

    ----------------------------------------------------------------------
      4748        238        144          4          0       2460   Library Totals

    ----------------------------------------------------------------------

==============================================================================


      Code (inc. data)   RO Data    RW Data    ZI Data      Debug   

     18500       1026        540         64       1312     764099   Grand Totals
     18500       1026        540         64       1312     764099   ELF Image Totals
     18500       1026        540         64          0          0   ROM Totals

==============================================================================

    Total RO  Size (Code + RO Data)                19040 (  18.59kB)
    Total RW  Size (RW Data + ZI Data)              1376 (   1.34kB)
    Total ROM Size (Code + RO Data + RW Data)      19104 (  18.66kB)

==============================================================================

